weak_S1_M4: keff=1.1336294 abs=  +388.9 pcm [  0.7s]
weak_S1_M12: keff=1.1376787 abs=  +793.9 pcm [  1.9s]
weak_S1_M24: keff=1.1384751 abs=  +873.5 pcm [  3.6s]
weak_S2_M4: keff=1.1283038 abs=  -143.6 pcm [  0.8s]
weak_S2_M12: keff=1.1319121 abs=  +217.2 pcm [  2.2s]
weak_S2_M24: keff=1.1324225 abs=  +268.2 pcm [  4.3s]
weak_S3_M4: keff=1.1271085 abs=  -263.2 pcm [  0.9s]
weak_S3_M12: keff=1.1305329 abs=   +79.3 pcm [  2.6s]
weak_S3_M24: keff=1.1309814 abs=  +124.1 pcm [  5.2s]
weak_S4_M4: keff=1.1266458 abs=  -309.4 pcm [  1.2s]
weak_S4_M12: keff=1.1299886 abs=   +24.9 pcm [  3.3s]
weak_S4_M24: keff=1.1304086 abs=   +66.9 pcm [  6.5s]
strong_S1_M4: keff=0.5343543 abs= +1762.4 pcm [  0.3s]
strong_S1_M12: keff=0.5526971 abs= +3596.7 pcm [  0.9s]
strong_S1_M24: keff=0.5561432 abs= +3941.3 pcm [  1.8s]
strong_S2_M4: keff=0.5088278 abs=  -790.2 pcm [  0.4s]
strong_S2_M12: keff=0.5280568 abs= +1132.7 pcm [  1.1s]
strong_S2_M24: keff=0.5306540 abs= +1392.4 pcm [  2.1s]
strong_S3_M4: keff=0.5024742 abs= -1425.6 pcm [  0.4s]
strong_S3_M12: keff=0.5210419 abs=  +431.2 pcm [  1.3s]
strong_S3_M24: keff=0.5233939 abs=  +666.4 pcm [  2.6s]
strong_S4_M4: keff=0.4999701 abs= -1676.0 pcm [  0.6s]
strong_S4_M12: keff=0.5181827 abs=  +145.3 pcm [  1.7s]
strong_S4_M24: keff=0.5204082 abs=  +367.8 pcm [  3.3s]
ALL DONE in 50s
