it    0  keff=0.8322352  dkeff=2.02e-01  F=1.20926e+03
it    5  keff=0.5834148  dkeff=5.35e-02  F=8.47715e+02
it   10  keff=0.5709460  dkeff=2.27e-02  F=8.29598e+02
it   15  keff=0.6883882  dkeff=3.95e-02  F=1.00024e+03
it   20  keff=0.8211312  dkeff=3.04e-02  F=1.19312e+03
it   25  keff=0.9260505  dkeff=1.97e-02  F=1.34557e+03
it   30  keff=0.9978191  dkeff=1.20e-02  F=1.44985e+03
it   35  keff=1.0440937  dkeff=7.34e-03  F=1.51709e+03
it   40  keff=1.0737218  dkeff=4.60e-03  F=1.56014e+03
it   45  keff=1.0931722  dkeff=3.02e-03  F=1.58840e+03
it   50  keff=1.1065063  dkeff=2.09e-03  F=1.60778e+03
it   55  keff=1.1161330  dkeff=1.53e-03  F=1.62177e+03
it   60  keff=1.1234554  dkeff=1.18e-03  F=1.63241e+03
it   65  keff=1.1292910  dkeff=9.52e-04  F=1.64089e+03
it   70  keff=1.1341225  dkeff=7.95e-04  F=1.64791e+03
it   75  keff=1.1382416  dkeff=6.82e-04  F=1.65389e+03
it   80  keff=1.1418307  dkeff=5.97e-04  F=1.65911e+03
it   85  keff=1.1450084  dkeff=5.30e-04  F=1.66372e+03
it   90  keff=1.1478553  dkeff=4.76e-04  F=1.66786e+03
it   95  keff=1.1504284  dkeff=4.30e-04  F=1.67160e+03
it  100  keff=1.1527699  dkeff=3.92e-04  F=1.67500e+03
it  105  keff=1.1549121  dkeff=3.58e-04  F=1.67811e+03
it  110  keff=1.1568801  dkeff=3.29e-04  F=1.68097e+03
it  115  keff=1.1586946  dkeff=3.03e-04  F=1.68361e+03
it  120  keff=1.1603723  dkeff=2.80e-04  F=1.68605e+03
it  125  keff=1.1619273  dkeff=2.60e-04  F=1.68831e+03
it  130  keff=1.1633716  dkeff=2.41e-04  F=1.69041e+03
it  135  keff=1.1647155  dkeff=2.24e-04  F=1.69236e+03
it  140  keff=1.1659677  dkeff=2.09e-04  F=1.69418e+03
it  145  keff=1.1671362  dkeff=1.95e-04  F=1.69588e+03
it  150  keff=1.1682278  dkeff=1.82e-04  F=1.69746e+03
it  155  keff=1.1692485  dkeff=1.70e-04  F=1.69895e+03
it  160  keff=1.1702037  dkeff=1.59e-04  F=1.70033e+03
it  165  keff=1.1710984  dkeff=1.49e-04  F=1.70163e+03
it  170  keff=1.1719370  dkeff=1.39e-04  F=1.70285e+03
it  175  keff=1.1727233  dkeff=1.31e-04  F=1.70399e+03
it  180  keff=1.1734611  dkeff=1.23e-04  F=1.70507e+03
it  185  keff=1.1741537  dkeff=1.15e-04  F=1.70607e+03
it  190  keff=1.1748041  dkeff=1.08e-04  F=1.70702e+03
it  195  keff=1.1754150  dkeff=1.01e-04  F=1.70791e+03
it  200  keff=1.1759892  dkeff=9.52e-05  F=1.70874e+03
it  205  keff=1.1765288  dkeff=8.95e-05  F=1.70952e+03
it  210  keff=1.1770363  dkeff=8.41e-05  F=1.71026e+03
it  215  keff=1.1775135  dkeff=7.91e-05  F=1.71095e+03
it  220  keff=1.1779625  dkeff=7.44e-05  F=1.71161e+03
it  225  keff=1.1783849  dkeff=7.00e-05  F=1.71222e+03
it  230  keff=1.1787824  dkeff=6.58e-05  F=1.71280e+03
it  235  keff=1.1791566  dkeff=6.19e-05  F=1.71334e+03
it  240  keff=1.1795088  dkeff=5.83e-05  F=1.71385e+03
it  245  keff=1.1798405  dkeff=5.49e-05  F=1.71434e+03
it  250  keff=1.1801528  dkeff=5.17e-05  F=1.71479e+03
it  255  keff=1.1804470  dkeff=4.87e-05  F=1.71522e+03
it  260  keff=1.1807242  dkeff=4.58e-05  F=1.71562e+03
it  265  keff=1.1809852  dkeff=4.32e-05  F=1.71600e+03
it  270  keff=1.1812313  dkeff=4.07e-05  F=1.71636e+03
it  275  keff=1.1814631  dkeff=3.83e-05  F=1.71669e+03
it  280  keff=1.1816816  dkeff=3.61e-05  F=1.71701e+03
it  285  keff=1.1818876  dkeff=3.40e-05  F=1.71731e+03
it  290  keff=1.1820818  dkeff=3.21e-05  F=1.71759e+03
it  295  keff=1.1822649  dkeff=3.02e-05  F=1.71786e+03
it  300  keff=1.1824375  dkeff=2.85e-05  F=1.71811e+03
it  305  keff=1.1826003  dkeff=2.69e-05  F=1.71835e+03
it  310  keff=1.1827539  dkeff=2.54e-05  F=1.71857e+03
it  315  keff=1.1828988  dkeff=2.39e-05  F=1.71878e+03
it  320  keff=1.1830354  dkeff=2.26e-05  F=1.71898e+03
it  325  keff=1.1831644  dkeff=2.13e-05  F=1.71917e+03
it  330  keff=1.1832860  dkeff=2.01e-05  F=1.71934e+03
it  335  keff=1.1834008  dkeff=1.90e-05  F=1.71951e+03
it  340  keff=1.1835092  dkeff=1.79e-05  F=1.71967e+03
it  345  keff=1.1836115  dkeff=1.69e-05  F=1.71982e+03
it  350  keff=1.1837080  dkeff=1.59e-05  F=1.71996e+03
it  355  keff=1.1837992  dkeff=1.50e-05  F=1.72009e+03
it  360  keff=1.1838852  dkeff=1.42e-05  F=1.72021e+03
it  365  keff=1.1839665  dkeff=1.34e-05  F=1.72033e+03
it  370  keff=1.1840433  dkeff=1.27e-05  F=1.72044e+03
it  375  keff=1.1841157  dkeff=1.20e-05  F=1.72055e+03
it  380  keff=1.1841842  dkeff=1.13e-05  F=1.72065e+03
it  385  keff=1.1842488  dkeff=1.07e-05  F=1.72074e+03
it  390  keff=1.1843099  dkeff=1.01e-05  F=1.72083e+03
it  395  keff=1.1843676  dkeff=9.53e-06  F=1.72091e+03
it  400  keff=1.1844222  dkeff=9.00e-06  F=1.72099e+03
it  405  keff=1.1844737  dkeff=8.50e-06  F=1.72107e+03
it  410  keff=1.1845224  dkeff=8.04e-06  F=1.72114e+03
it  415  keff=1.1845684  dkeff=7.59e-06  F=1.72121e+03
it  420  keff=1.1846119  dkeff=7.18e-06  F=1.72127e+03
it  425  keff=1.1846530  dkeff=6.78e-06  F=1.72133e+03
it  430  keff=1.1846918  dkeff=6.41e-06  F=1.72139e+03
it  435  keff=1.1847286  dkeff=6.06e-06  F=1.72144e+03
it  440  keff=1.1847633  dkeff=5.73e-06  F=1.72149e+03
it  445  keff=1.1847961  dkeff=5.42e-06  F=1.72154e+03
it  450  keff=1.1848272  dkeff=5.12e-06  F=1.72158e+03
it  455  keff=1.1848565  dkeff=4.84e-06  F=1.72162e+03
it  460  keff=1.1848843  dkeff=4.58e-06  F=1.72166e+03
it  465  keff=1.1849105  dkeff=4.33e-06  F=1.72170e+03
it  470  keff=1.1849353  dkeff=4.10e-06  F=1.72174e+03
it  475  keff=1.1849588  dkeff=3.88e-06  F=1.72177e+03
it  480  keff=1.1849810  dkeff=3.67e-06  F=1.72181e+03
it  485  keff=1.1850020  dkeff=3.47e-06  F=1.72184e+03
it  490  keff=1.1850219  dkeff=3.28e-06  F=1.72186e+03
it  495  keff=1.1850407  dkeff=3.10e-06  F=1.72189e+03
it  500  keff=1.1850585  dkeff=2.94e-06  F=1.72192e+03
it  505  keff=1.1850753  dkeff=2.78e-06  F=1.72194e+03
it  510  keff=1.1850912  dkeff=2.63e-06  F=1.72197e+03
it  515  keff=1.1851063  dkeff=2.49e-06  F=1.72199e+03
it  520  keff=1.1851206  dkeff=2.35e-06  F=1.72201e+03
it  525  keff=1.1851340  dkeff=2.23e-06  F=1.72203e+03
it  530  keff=1.1851468  dkeff=2.11e-06  F=1.72205e+03
it  535  keff=1.1851589  dkeff=1.99e-06  F=1.72206e+03
it  540  keff=1.1851703  dkeff=1.89e-06  F=1.72208e+03
it  545  keff=1.1851811  dkeff=1.79e-06  F=1.72210e+03
it  550  keff=1.1851914  dkeff=1.69e-06  F=1.72211e+03
it  555  keff=1.1852011  dkeff=1.60e-06  F=1.72213e+03
it  560  keff=1.1852103  dkeff=1.51e-06  F=1.72214e+03
it  565  keff=1.1852189  dkeff=1.43e-06  F=1.72215e+03
it  570  keff=1.1852272  dkeff=1.36e-06  F=1.72216e+03
it  575  keff=1.1852349  dkeff=1.28e-06  F=1.72217e+03
it  580  keff=1.1852423  dkeff=1.22e-06  F=1.72218e+03
it  585  keff=1.1852493  dkeff=1.15e-06  F=1.72220e+03
it  590  keff=1.1852559  dkeff=1.09e-06  F=1.72220e+03
it  595  keff=1.1852621  dkeff=1.03e-06  F=1.72221e+03
it  600  keff=1.1852681  dkeff=9.77e-07  F=1.72222e+03
it  605  keff=1.1852737  dkeff=9.25e-07  F=1.72223e+03
it  610  keff=1.1852790  dkeff=8.76e-07  F=1.72224e+03
it  615  keff=1.1852840  dkeff=8.30e-07  F=1.72225e+03
it  620  keff=1.1852888  dkeff=7.86e-07  F=1.72225e+03
it  625  keff=1.1852933  dkeff=7.44e-07  F=1.72226e+03
it  630  keff=1.1852975  dkeff=7.04e-07  F=1.72227e+03
it  635  keff=1.1853016  dkeff=6.67e-07  F=1.72227e+03
it  640  keff=1.1853054  dkeff=6.32e-07  F=1.72228e+03
it  645  keff=1.1853090  dkeff=5.98e-07  F=1.72228e+03
it  650  keff=1.1853125  dkeff=5.67e-07  F=1.72229e+03
it  655  keff=1.1853157  dkeff=5.37e-07  F=1.72229e+03
it  660  keff=1.1853188  dkeff=5.08e-07  F=1.72230e+03
it  665  keff=1.1853217  dkeff=4.81e-07  F=1.72230e+03
it  670  keff=1.1853245  dkeff=4.56e-07  F=1.72230e+03
it  675  keff=1.1853271  dkeff=4.32e-07  F=1.72231e+03
it  680  keff=1.1853296  dkeff=4.09e-07  F=1.72231e+03
it  685  keff=1.1853319  dkeff=3.87e-07  F=1.72232e+03
it  690  keff=1.1853341  dkeff=3.67e-07  F=1.72232e+03
it  695  keff=1.1853362  dkeff=3.48e-07  F=1.72232e+03
it  700  keff=1.1853382  dkeff=3.29e-07  F=1.72232e+03
it  705  keff=1.1853401  dkeff=3.12e-07  F=1.72233e+03
it  710  keff=1.1853419  dkeff=2.95e-07  F=1.72233e+03
it  715  keff=1.1853436  dkeff=2.80e-07  F=1.72233e+03
it  720  keff=1.1853452  dkeff=2.65e-07  F=1.72233e+03
it  725  keff=1.1853467  dkeff=2.51e-07  F=1.72234e+03
it  730  keff=1.1853482  dkeff=2.38e-07  F=1.72234e+03
it  735  keff=1.1853495  dkeff=2.25e-07  F=1.72234e+03
it  740  keff=1.1853508  dkeff=2.14e-07  F=1.72234e+03
it  745  keff=1.1853521  dkeff=2.02e-07  F=1.72234e+03
it  750  keff=1.1853532  dkeff=1.92e-07  F=1.72235e+03
it  755  keff=1.1853543  dkeff=1.82e-07  F=1.72235e+03
it  760  keff=1.1853554  dkeff=1.72e-07  F=1.72235e+03
it  765  keff=1.1853564  dkeff=1.63e-07  F=1.72235e+03
it  770  keff=1.1853573  dkeff=1.54e-07  F=1.72235e+03
it  775  keff=1.1853582  dkeff=1.46e-07  F=1.72235e+03
it  780  keff=1.1853590  dkeff=1.39e-07  F=1.72235e+03
it  785  keff=1.1853598  dkeff=1.31e-07  F=1.72236e+03
it  790  keff=1.1853606  dkeff=1.24e-07  F=1.72236e+03
it  795  keff=1.1853613  dkeff=1.18e-07  F=1.72236e+03
it  800  keff=1.1853620  dkeff=1.12e-07  F=1.72236e+03
it  805  keff=1.1853626  dkeff=1.06e-07  F=1.72236e+03
it  810  keff=1.1853632  dkeff=1.00e-07  F=1.72236e+03
it  815  keff=1.1853638  dkeff=9.50e-08  F=1.72236e+03
it  820  keff=1.1853643  dkeff=9.00e-08  F=1.72236e+03
it  825  keff=1.1853648  dkeff=8.53e-08  F=1.72236e+03
it  830  keff=1.1853653  dkeff=8.08e-08  F=1.72236e+03
it  835  keff=1.1853658  dkeff=7.66e-08  F=1.72236e+03
it  840  keff=1.1853662  dkeff=7.26e-08  F=1.72236e+03
it  845  keff=1.1853667  dkeff=6.88e-08  F=1.72237e+03
it  850  keff=1.1853670  dkeff=6.52e-08  F=1.72237e+03
it  855  keff=1.1853674  dkeff=6.17e-08  F=1.72237e+03
it  860  keff=1.1853678  dkeff=5.85e-08  F=1.72237e+03
it  865  keff=1.1853681  dkeff=5.54e-08  F=1.72237e+03
it  870  keff=1.1853684  dkeff=5.25e-08  F=1.72237e+03
it  875  keff=1.1853687  dkeff=4.98e-08  F=1.72237e+03
it  880  keff=1.1853690  dkeff=4.72e-08  F=1.72237e+03
it  885  keff=1.1853693  dkeff=4.47e-08  F=1.72237e+03
it  890  keff=1.1853695  dkeff=4.24e-08  F=1.72237e+03
it  895  keff=1.1853698  dkeff=4.01e-08  F=1.72237e+03
it  900  keff=1.1853700  dkeff=3.80e-08  F=1.72237e+03
it  905  keff=1.1853702  dkeff=3.61e-08  F=1.72237e+03
it  910  keff=1.1853704  dkeff=3.42e-08  F=1.72237e+03
it  915  keff=1.1853706  dkeff=3.24e-08  F=1.72237e+03
it  920  keff=1.1853708  dkeff=3.07e-08  F=1.72237e+03
it  925  keff=1.1853710  dkeff=2.91e-08  F=1.72237e+03
it  930  keff=1.1853712  dkeff=2.76e-08  F=1.72237e+03
it  935  keff=1.1853713  dkeff=2.61e-08  F=1.72237e+03
it  940  keff=1.1853715  dkeff=2.47e-08  F=1.72237e+03
it  945  keff=1.1853716  dkeff=2.34e-08  F=1.72237e+03
it  950  keff=1.1853718  dkeff=2.22e-08  F=1.72237e+03
it  955  keff=1.1853719  dkeff=2.11e-08  F=1.72237e+03
it  960  keff=1.1853720  dkeff=2.00e-08  F=1.72237e+03
it  965  keff=1.1853721  dkeff=1.89e-08  F=1.72237e+03
it  970  keff=1.1853722  dkeff=1.79e-08  F=1.72237e+03
it  975  keff=1.1853723  dkeff=1.70e-08  F=1.72237e+03
it  980  keff=1.1853724  dkeff=1.61e-08  F=1.72237e+03
it  985  keff=1.1853725  dkeff=1.53e-08  F=1.72237e+03
it  990  keff=1.1853726  dkeff=1.45e-08  F=1.72237e+03
it  995  keff=1.1853727  dkeff=1.37e-08  F=1.72237e+03
it 1000  keff=1.1853728  dkeff=1.30e-08  F=1.72237e+03
it 1005  keff=1.1853728  dkeff=1.23e-08  F=1.72237e+03
it 1010  keff=1.1853729  dkeff=1.17e-08  F=1.72237e+03
it 1015  keff=1.1853730  dkeff=1.11e-08  F=1.72237e+03
it 1020  keff=1.1853730  dkeff=1.05e-08  F=1.72237e+03
it 1025  keff=1.1853731  dkeff=9.93e-09  F=1.72237e+03
it 1030  keff=1.1853732  dkeff=9.41e-09  F=1.72238e+03
it 1035  keff=1.1853732  dkeff=8.92e-09  F=1.72238e+03
it 1040  keff=1.1853733  dkeff=8.45e-09  F=1.72238e+03
it 1045  keff=1.1853733  dkeff=8.01e-09  F=1.72238e+03
it 1050  keff=1.1853734  dkeff=7.59e-09  F=1.72238e+03
it 1055  keff=1.1853734  dkeff=7.19e-09  F=1.72238e+03
it 1060  keff=1.1853734  dkeff=6.82e-09  F=1.72238e+03
it 1065  keff=1.1853735  dkeff=6.46e-09  F=1.72238e+03
it 1070  keff=1.1853735  dkeff=6.12e-09  F=1.72238e+03
it 1075  keff=1.1853736  dkeff=5.80e-09  F=1.72238e+03
it 1080  keff=1.1853736  dkeff=5.50e-09  F=1.72238e+03
it 1085  keff=1.1853736  dkeff=5.21e-09  F=1.72238e+03
it 1090  keff=1.1853737  dkeff=4.94e-09  F=1.72238e+03
it 1095  keff=1.1853737  dkeff=4.68e-09  F=1.72238e+03
it 1100  keff=1.1853737  dkeff=4.44e-09  F=1.72238e+03
it 1105  keff=1.1853737  dkeff=4.21e-09  F=1.72238e+03
it 1110  keff=1.1853738  dkeff=3.99e-09  F=1.72238e+03
it 1115  keff=1.1853738  dkeff=3.78e-09  F=1.72238e+03
it 1120  keff=1.1853738  dkeff=3.58e-09  F=1.72238e+03
it 1125  keff=1.1853738  dkeff=3.39e-09  F=1.72238e+03
it 1130  keff=1.1853738  dkeff=3.22e-09  F=1.72238e+03
it 1135  keff=1.1853739  dkeff=3.05e-09  F=1.72238e+03
it 1140  keff=1.1853739  dkeff=2.89e-09  F=1.72238e+03
it 1145  keff=1.1853739  dkeff=2.74e-09  F=1.72238e+03
it 1150  keff=1.1853739  dkeff=2.60e-09  F=1.72238e+03
it 1155  keff=1.1853739  dkeff=2.46e-09  F=1.72238e+03
it 1160  keff=1.1853739  dkeff=2.33e-09  F=1.72238e+03
it 1165  keff=1.1853740  dkeff=2.21e-09  F=1.72238e+03
it 1170  keff=1.1853740  dkeff=2.09e-09  F=1.72238e+03
it 1175  keff=1.1853740  dkeff=1.98e-09  F=1.72238e+03
it 1180  keff=1.1853740  dkeff=1.88e-09  F=1.72238e+03
it 1185  keff=1.1853740  dkeff=1.78e-09  F=1.72238e+03
it 1190  keff=1.1853740  dkeff=1.69e-09  F=1.72238e+03
it 1195  keff=1.1853740  dkeff=1.60e-09  F=1.72238e+03
it 1200  keff=1.1853740  dkeff=1.52e-09  F=1.72238e+03
it 1205  keff=1.1853740  dkeff=1.44e-09  F=1.72238e+03
it 1210  keff=1.1853740  dkeff=1.36e-09  F=1.72238e+03
it 1215  keff=1.1853741  dkeff=1.29e-09  F=1.72238e+03
it 1220  keff=1.1853741  dkeff=1.22e-09  F=1.72238e+03
it 1225  keff=1.1853741  dkeff=1.16e-09  F=1.72238e+03
it 1230  keff=1.1853741  dkeff=1.10e-09  F=1.72238e+03
it 1235  keff=1.1853741  dkeff=1.04e-09  F=1.72238e+03
it 1240  keff=1.1853741  dkeff=9.89e-10  F=1.72238e+03
it 1245  keff=1.1853741  dkeff=9.37e-10  F=1.72238e+03
it 1250  keff=1.1853741  dkeff=8.88e-10  F=1.72238e+03
it 1255  keff=1.1853741  dkeff=8.42e-10  F=1.72238e+03
it 1260  keff=1.1853741  dkeff=7.98e-10  F=1.72238e+03
it 1265  keff=1.1853741  dkeff=7.56e-10  F=1.72238e+03
it 1270  keff=1.1853741  dkeff=7.17e-10  F=1.72238e+03
it 1275  keff=1.1853741  dkeff=6.79e-10  F=1.72238e+03
it 1280  keff=1.1853741  dkeff=6.44e-10  F=1.72238e+03
it 1285  keff=1.1853741  dkeff=6.10e-10  F=1.72238e+03
it 1290  keff=1.1853741  dkeff=5.78e-10  F=1.72238e+03
it 1295  keff=1.1853741  dkeff=5.48e-10  F=1.72238e+03
it 1300  keff=1.1853741  dkeff=5.19e-10  F=1.72238e+03
it 1305  keff=1.1853741  dkeff=4.92e-10  F=1.72238e+03
it 1310  keff=1.1853741  dkeff=4.67e-10  F=1.72238e+03
it 1315  keff=1.1853741  dkeff=4.42e-10  F=1.72238e+03
it 1320  keff=1.1853741  dkeff=4.19e-10  F=1.72238e+03
it 1325  keff=1.1853742  dkeff=3.97e-10  F=1.72238e+03
it 1330  keff=1.1853742  dkeff=3.77e-10  F=1.72238e+03
it 1335  keff=1.1853742  dkeff=3.57e-10  F=1.72238e+03
it 1340  keff=1.1853742  dkeff=3.38e-10  F=1.72238e+03
it 1345  keff=1.1853742  dkeff=3.21e-10  F=1.72238e+03
it 1350  keff=1.1853742  dkeff=3.04e-10  F=1.72238e+03
it 1355  keff=1.1853742  dkeff=2.88e-10  F=1.72238e+03
it 1360  keff=1.1853742  dkeff=2.73e-10  F=1.72238e+03
it 1365  keff=1.1853742  dkeff=2.59e-10  F=1.72238e+03
it 1370  keff=1.1853742  dkeff=2.45e-10  F=1.72238e+03
it 1375  keff=1.1853742  dkeff=2.32e-10  F=1.72238e+03
it 1380  keff=1.1853742  dkeff=2.20e-10  F=1.72238e+03
it 1385  keff=1.1853742  dkeff=2.09e-10  F=1.72238e+03
it 1390  keff=1.1853742  dkeff=1.98e-10  F=1.72238e+03
it 1395  keff=1.1853742  dkeff=1.88e-10  F=1.72238e+03
it 1400  keff=1.1853742  dkeff=1.78e-10  F=1.72238e+03
it 1405  keff=1.1853742  dkeff=1.69e-10  F=1.72238e+03
it 1410  keff=1.1853742  dkeff=1.60e-10  F=1.72238e+03
it 1415  keff=1.1853742  dkeff=1.51e-10  F=1.72238e+03
it 1420  keff=1.1853742  dkeff=1.44e-10  F=1.72238e+03
it 1425  keff=1.1853742  dkeff=1.36e-10  F=1.72238e+03
it 1430  keff=1.1853742  dkeff=1.29e-10  F=1.72238e+03
it 1435  keff=1.1853742  dkeff=1.22e-10  F=1.72238e+03
it 1440  keff=1.1853742  dkeff=1.16e-10  F=1.72238e+03
it 1445  keff=1.1853742  dkeff=1.10e-10  F=1.72238e+03
it 1450  keff=1.1853742  dkeff=1.04e-10  F=1.72238e+03
it 1454  keff=1.1853742  dkeff=9.97e-11  F=1.72238e+03
it    0  keff=0.8288394  dkeff=2.07e-01  F=1.20432e+03
it    5  keff=0.5828197  dkeff=5.29e-02  F=8.46851e+02
it   10  keff=0.5709878  dkeff=2.27e-02  F=8.29659e+02
it   15  keff=0.6883040  dkeff=3.94e-02  F=1.00012e+03
it   20  keff=0.8209973  dkeff=3.04e-02  F=1.19293e+03
it   25  keff=0.9260363  dkeff=1.97e-02  F=1.34555e+03
it   30  keff=0.9980108  dkeff=1.21e-02  F=1.45013e+03
it   35  keff=1.0444908  dkeff=7.38e-03  F=1.51767e+03
it   40  keff=1.0742792  dkeff=4.63e-03  F=1.56095e+03
it   45  keff=1.0938384  dkeff=3.03e-03  F=1.58937e+03
it   50  keff=1.1072398  dkeff=2.10e-03  F=1.60885e+03
it   55  keff=1.1169048  dkeff=1.53e-03  F=1.62289e+03
it   60  keff=1.1242468  dkeff=1.18e-03  F=1.63356e+03
it   65  keff=1.1300906  dkeff=9.52e-04  F=1.64205e+03
it   70  keff=1.1349235  dkeff=7.95e-04  F=1.64907e+03
it   75  keff=1.1390402  dkeff=6.81e-04  F=1.65505e+03
it   80  keff=1.1426250  dkeff=5.96e-04  F=1.66026e+03
it   85  keff=1.1457975  dkeff=5.29e-04  F=1.66487e+03
it   90  keff=1.1486388  dkeff=4.74e-04  F=1.66900e+03
it   95  keff=1.1512064  dkeff=4.29e-04  F=1.67273e+03
it  100  keff=1.1535426  dkeff=3.90e-04  F=1.67612e+03
it  105  keff=1.1556798  dkeff=3.57e-04  F=1.67923e+03
it  110  keff=1.1576432  dkeff=3.28e-04  F=1.68208e+03
it  115  keff=1.1594534  dkeff=3.02e-04  F=1.68471e+03
it  120  keff=1.1611272  dkeff=2.80e-04  F=1.68715e+03
it  125  keff=1.1626786  dkeff=2.59e-04  F=1.68940e+03
it  130  keff=1.1641197  dkeff=2.40e-04  F=1.69149e+03
it  135  keff=1.1654606  dkeff=2.24e-04  F=1.69344e+03
it  140  keff=1.1667102  dkeff=2.08e-04  F=1.69526e+03
it  145  keff=1.1678763  dkeff=1.94e-04  F=1.69695e+03
it  150  keff=1.1689656  dkeff=1.81e-04  F=1.69853e+03
it  155  keff=1.1699844  dkeff=1.70e-04  F=1.70001e+03
it  160  keff=1.1709379  dkeff=1.59e-04  F=1.70140e+03
it  165  keff=1.1718311  dkeff=1.49e-04  F=1.70270e+03
it  170  keff=1.1726683  dkeff=1.39e-04  F=1.70391e+03
it  175  keff=1.1734534  dkeff=1.30e-04  F=1.70506e+03
it  180  keff=1.1741902  dkeff=1.22e-04  F=1.70613e+03
it  185  keff=1.1748819  dkeff=1.15e-04  F=1.70713e+03
it  190  keff=1.1755315  dkeff=1.08e-04  F=1.70807e+03
it  195  keff=1.1761418  dkeff=1.01e-04  F=1.70896e+03
it  200  keff=1.1767153  dkeff=9.51e-05  F=1.70980e+03
it  205  keff=1.1772546  dkeff=8.94e-05  F=1.71058e+03
it  210  keff=1.1777616  dkeff=8.40e-05  F=1.71132e+03
it  215  keff=1.1782386  dkeff=7.90e-05  F=1.71201e+03
it  220  keff=1.1786873  dkeff=7.43e-05  F=1.71266e+03
it  225  keff=1.1791095  dkeff=6.99e-05  F=1.71327e+03
it  230  keff=1.1795070  dkeff=6.58e-05  F=1.71385e+03
it  235  keff=1.1798811  dkeff=6.19e-05  F=1.71439e+03
it  240  keff=1.1802333  dkeff=5.83e-05  F=1.71491e+03
it  245  keff=1.1805650  dkeff=5.49e-05  F=1.71539e+03
it  250  keff=1.1808774  dkeff=5.17e-05  F=1.71584e+03
it  255  keff=1.1811717  dkeff=4.86e-05  F=1.71627e+03
it  260  keff=1.1814489  dkeff=4.58e-05  F=1.71667e+03
it  265  keff=1.1817101  dkeff=4.32e-05  F=1.71705e+03
it  270  keff=1.1819563  dkeff=4.07e-05  F=1.71741e+03
it  275  keff=1.1821883  dkeff=3.83e-05  F=1.71775e+03
it  280  keff=1.1824070  dkeff=3.61e-05  F=1.71807e+03
it  285  keff=1.1826132  dkeff=3.41e-05  F=1.71836e+03
it  290  keff=1.1828075  dkeff=3.21e-05  F=1.71865e+03
it  295  keff=1.1829908  dkeff=3.03e-05  F=1.71891e+03
it  300  keff=1.1831637  dkeff=2.85e-05  F=1.71916e+03
it  305  keff=1.1833267  dkeff=2.69e-05  F=1.71940e+03
it  310  keff=1.1834805  dkeff=2.54e-05  F=1.71963e+03
it  315  keff=1.1836256  dkeff=2.39e-05  F=1.71984e+03
it  320  keff=1.1837625  dkeff=2.26e-05  F=1.72003e+03
it  325  keff=1.1838917  dkeff=2.13e-05  F=1.72022e+03
it  330  keff=1.1840135  dkeff=2.01e-05  F=1.72040e+03
it  335  keff=1.1841286  dkeff=1.90e-05  F=1.72057e+03
it  340  keff=1.1842372  dkeff=1.79e-05  F=1.72072e+03
it  345  keff=1.1843397  dkeff=1.69e-05  F=1.72087e+03
it  350  keff=1.1844364  dkeff=1.60e-05  F=1.72101e+03
it  355  keff=1.1845278  dkeff=1.51e-05  F=1.72115e+03
it  360  keff=1.1846140  dkeff=1.42e-05  F=1.72127e+03
it  365  keff=1.1846955  dkeff=1.34e-05  F=1.72139e+03
it  370  keff=1.1847724  dkeff=1.27e-05  F=1.72150e+03
it  375  keff=1.1848451  dkeff=1.20e-05  F=1.72161e+03
it  380  keff=1.1849137  dkeff=1.13e-05  F=1.72171e+03
it  385  keff=1.1849786  dkeff=1.07e-05  F=1.72180e+03
it  390  keff=1.1850398  dkeff=1.01e-05  F=1.72189e+03
it  395  keff=1.1850977  dkeff=9.55e-06  F=1.72197e+03
it  400  keff=1.1851524  dkeff=9.02e-06  F=1.72205e+03
it  405  keff=1.1852041  dkeff=8.52e-06  F=1.72213e+03
it  410  keff=1.1852529  dkeff=8.06e-06  F=1.72220e+03
it  415  keff=1.1852991  dkeff=7.61e-06  F=1.72227e+03
it  420  keff=1.1853427  dkeff=7.20e-06  F=1.72233e+03
it  425  keff=1.1853840  dkeff=6.80e-06  F=1.72239e+03
it  430  keff=1.1854229  dkeff=6.43e-06  F=1.72245e+03
it  435  keff=1.1854598  dkeff=6.08e-06  F=1.72250e+03
it  440  keff=1.1854947  dkeff=5.75e-06  F=1.72255e+03
it  445  keff=1.1855276  dkeff=5.43e-06  F=1.72260e+03
it  450  keff=1.1855588  dkeff=5.14e-06  F=1.72264e+03
it  455  keff=1.1855882  dkeff=4.86e-06  F=1.72269e+03
it  460  keff=1.1856161  dkeff=4.60e-06  F=1.72273e+03
it  465  keff=1.1856424  dkeff=4.35e-06  F=1.72277e+03
it  470  keff=1.1856674  dkeff=4.11e-06  F=1.72280e+03
it  475  keff=1.1856909  dkeff=3.89e-06  F=1.72284e+03
it  480  keff=1.1857132  dkeff=3.68e-06  F=1.72287e+03
it  485  keff=1.1857343  dkeff=3.48e-06  F=1.72290e+03
it  490  keff=1.1857543  dkeff=3.29e-06  F=1.72293e+03
it  495  keff=1.1857732  dkeff=3.11e-06  F=1.72296e+03
it  500  keff=1.1857910  dkeff=2.95e-06  F=1.72298e+03
it  505  keff=1.1858079  dkeff=2.79e-06  F=1.72301e+03
it  510  keff=1.1858239  dkeff=2.64e-06  F=1.72303e+03
it  515  keff=1.1858390  dkeff=2.50e-06  F=1.72305e+03
it  520  keff=1.1858534  dkeff=2.36e-06  F=1.72307e+03
it  525  keff=1.1858669  dkeff=2.24e-06  F=1.72309e+03
it  530  keff=1.1858797  dkeff=2.12e-06  F=1.72311e+03
it  535  keff=1.1858919  dkeff=2.00e-06  F=1.72313e+03
it  540  keff=1.1859034  dkeff=1.90e-06  F=1.72315e+03
it  545  keff=1.1859142  dkeff=1.79e-06  F=1.72316e+03
it  550  keff=1.1859245  dkeff=1.70e-06  F=1.72318e+03
it  555  keff=1.1859343  dkeff=1.61e-06  F=1.72319e+03
it  560  keff=1.1859435  dkeff=1.52e-06  F=1.72320e+03
it  565  keff=1.1859522  dkeff=1.44e-06  F=1.72322e+03
it  570  keff=1.1859605  dkeff=1.36e-06  F=1.72323e+03
it  575  keff=1.1859683  dkeff=1.29e-06  F=1.72324e+03
it  580  keff=1.1859757  dkeff=1.22e-06  F=1.72325e+03
it  585  keff=1.1859827  dkeff=1.16e-06  F=1.72326e+03
it  590  keff=1.1859894  dkeff=1.10e-06  F=1.72327e+03
it  595  keff=1.1859957  dkeff=1.04e-06  F=1.72328e+03
it  600  keff=1.1860016  dkeff=9.82e-07  F=1.72329e+03
it  605  keff=1.1860073  dkeff=9.30e-07  F=1.72330e+03
it  610  keff=1.1860126  dkeff=8.81e-07  F=1.72330e+03
it  615  keff=1.1860176  dkeff=8.34e-07  F=1.72331e+03
it  620  keff=1.1860224  dkeff=7.90e-07  F=1.72332e+03
it  625  keff=1.1860270  dkeff=7.48e-07  F=1.72333e+03
it  630  keff=1.1860313  dkeff=7.08e-07  F=1.72333e+03
it  635  keff=1.1860353  dkeff=6.71e-07  F=1.72334e+03
it  640  keff=1.1860392  dkeff=6.35e-07  F=1.72334e+03
it  645  keff=1.1860428  dkeff=6.02e-07  F=1.72335e+03
it  650  keff=1.1860463  dkeff=5.70e-07  F=1.72335e+03
it  655  keff=1.1860495  dkeff=5.40e-07  F=1.72336e+03
it  660  keff=1.1860526  dkeff=5.11e-07  F=1.72336e+03
it  665  keff=1.1860556  dkeff=4.84e-07  F=1.72337e+03
it  670  keff=1.1860584  dkeff=4.58e-07  F=1.72337e+03
it  675  keff=1.1860610  dkeff=4.34e-07  F=1.72337e+03
it  680  keff=1.1860635  dkeff=4.11e-07  F=1.72338e+03
it  685  keff=1.1860658  dkeff=3.90e-07  F=1.72338e+03
it  690  keff=1.1860681  dkeff=3.69e-07  F=1.72338e+03
it  695  keff=1.1860702  dkeff=3.50e-07  F=1.72339e+03
it  700  keff=1.1860722  dkeff=3.31e-07  F=1.72339e+03
it  705  keff=1.1860741  dkeff=3.14e-07  F=1.72339e+03
it  710  keff=1.1860759  dkeff=2.97e-07  F=1.72340e+03
it  715  keff=1.1860776  dkeff=2.82e-07  F=1.72340e+03
it  720  keff=1.1860792  dkeff=2.67e-07  F=1.72340e+03
it  725  keff=1.1860808  dkeff=2.53e-07  F=1.72340e+03
it  730  keff=1.1860822  dkeff=2.39e-07  F=1.72341e+03
it  735  keff=1.1860836  dkeff=2.27e-07  F=1.72341e+03
it  740  keff=1.1860849  dkeff=2.15e-07  F=1.72341e+03
it  745  keff=1.1860861  dkeff=2.04e-07  F=1.72341e+03
it  750  keff=1.1860873  dkeff=1.93e-07  F=1.72341e+03
it  755  keff=1.1860884  dkeff=1.83e-07  F=1.72341e+03
it  760  keff=1.1860894  dkeff=1.73e-07  F=1.72342e+03
it  765  keff=1.1860904  dkeff=1.64e-07  F=1.72342e+03
it  770  keff=1.1860914  dkeff=1.55e-07  F=1.72342e+03
it  775  keff=1.1860923  dkeff=1.47e-07  F=1.72342e+03
it  780  keff=1.1860931  dkeff=1.40e-07  F=1.72342e+03
it  785  keff=1.1860939  dkeff=1.32e-07  F=1.72342e+03
it  790  keff=1.1860947  dkeff=1.25e-07  F=1.72342e+03
it  795  keff=1.1860954  dkeff=1.19e-07  F=1.72342e+03
it  800  keff=1.1860961  dkeff=1.12e-07  F=1.72343e+03
it  805  keff=1.1860967  dkeff=1.07e-07  F=1.72343e+03
it  810  keff=1.1860973  dkeff=1.01e-07  F=1.72343e+03
it  815  keff=1.1860979  dkeff=9.57e-08  F=1.72343e+03
it  820  keff=1.1860985  dkeff=9.07e-08  F=1.72343e+03
it  825  keff=1.1860990  dkeff=8.59e-08  F=1.72343e+03
it  830  keff=1.1860995  dkeff=8.14e-08  F=1.72343e+03
it  835  keff=1.1861000  dkeff=7.71e-08  F=1.72343e+03
it  840  keff=1.1861004  dkeff=7.31e-08  F=1.72343e+03
it  845  keff=1.1861008  dkeff=6.93e-08  F=1.72343e+03
it  850  keff=1.1861012  dkeff=6.56e-08  F=1.72343e+03
it  855  keff=1.1861016  dkeff=6.22e-08  F=1.72343e+03
it  860  keff=1.1861019  dkeff=5.89e-08  F=1.72343e+03
it  865  keff=1.1861023  dkeff=5.59e-08  F=1.72343e+03
it  870  keff=1.1861026  dkeff=5.29e-08  F=1.72343e+03
it  875  keff=1.1861029  dkeff=5.02e-08  F=1.72344e+03
it  880  keff=1.1861032  dkeff=4.75e-08  F=1.72344e+03
it  885  keff=1.1861035  dkeff=4.50e-08  F=1.72344e+03
it  890  keff=1.1861037  dkeff=4.27e-08  F=1.72344e+03
it  895  keff=1.1861040  dkeff=4.05e-08  F=1.72344e+03
it  900  keff=1.1861042  dkeff=3.83e-08  F=1.72344e+03
it  905  keff=1.1861044  dkeff=3.63e-08  F=1.72344e+03
it  910  keff=1.1861046  dkeff=3.44e-08  F=1.72344e+03
it  915  keff=1.1861048  dkeff=3.26e-08  F=1.72344e+03
it  920  keff=1.1861050  dkeff=3.09e-08  F=1.72344e+03
it  925  keff=1.1861052  dkeff=2.93e-08  F=1.72344e+03
it  930  keff=1.1861054  dkeff=2.78e-08  F=1.72344e+03
it  935  keff=1.1861055  dkeff=2.63e-08  F=1.72344e+03
it  940  keff=1.1861057  dkeff=2.49e-08  F=1.72344e+03
it  945  keff=1.1861058  dkeff=2.36e-08  F=1.72344e+03
it  950  keff=1.1861060  dkeff=2.24e-08  F=1.72344e+03
it  955  keff=1.1861061  dkeff=2.12e-08  F=1.72344e+03
it  960  keff=1.1861062  dkeff=2.01e-08  F=1.72344e+03
it  965  keff=1.1861063  dkeff=1.91e-08  F=1.72344e+03
it  970  keff=1.1861064  dkeff=1.81e-08  F=1.72344e+03
it  975  keff=1.1861065  dkeff=1.71e-08  F=1.72344e+03
it  980  keff=1.1861066  dkeff=1.62e-08  F=1.72344e+03
it  985  keff=1.1861067  dkeff=1.54e-08  F=1.72344e+03
it  990  keff=1.1861068  dkeff=1.46e-08  F=1.72344e+03
it  995  keff=1.1861069  dkeff=1.38e-08  F=1.72344e+03
it 1000  keff=1.1861070  dkeff=1.31e-08  F=1.72344e+03
it 1005  keff=1.1861071  dkeff=1.24e-08  F=1.72344e+03
it 1010  keff=1.1861071  dkeff=1.18e-08  F=1.72344e+03
it 1015  keff=1.1861072  dkeff=1.11e-08  F=1.72344e+03
it 1020  keff=1.1861073  dkeff=1.06e-08  F=1.72344e+03
it 1025  keff=1.1861073  dkeff=1.00e-08  F=1.72344e+03
it 1030  keff=1.1861074  dkeff=9.49e-09  F=1.72344e+03
it 1035  keff=1.1861074  dkeff=9.00e-09  F=1.72344e+03
it 1040  keff=1.1861075  dkeff=8.53e-09  F=1.72344e+03
it 1045  keff=1.1861075  dkeff=8.08e-09  F=1.72344e+03
it 1050  keff=1.1861076  dkeff=7.66e-09  F=1.72344e+03
it 1055  keff=1.1861076  dkeff=7.26e-09  F=1.72344e+03
it 1060  keff=1.1861077  dkeff=6.88e-09  F=1.72344e+03
it 1065  keff=1.1861077  dkeff=6.52e-09  F=1.72344e+03
it 1070  keff=1.1861077  dkeff=6.18e-09  F=1.72344e+03
it 1075  keff=1.1861078  dkeff=5.86e-09  F=1.72344e+03
it 1080  keff=1.1861078  dkeff=5.55e-09  F=1.72344e+03
it 1085  keff=1.1861078  dkeff=5.26e-09  F=1.72344e+03
it 1090  keff=1.1861079  dkeff=4.99e-09  F=1.72344e+03
it 1095  keff=1.1861079  dkeff=4.73e-09  F=1.72344e+03
it 1100  keff=1.1861079  dkeff=4.48e-09  F=1.72344e+03
it 1105  keff=1.1861080  dkeff=4.25e-09  F=1.72344e+03
it 1110  keff=1.1861080  dkeff=4.02e-09  F=1.72344e+03
it 1115  keff=1.1861080  dkeff=3.81e-09  F=1.72344e+03
it 1120  keff=1.1861080  dkeff=3.62e-09  F=1.72344e+03
it 1125  keff=1.1861080  dkeff=3.43e-09  F=1.72344e+03
it 1130  keff=1.1861081  dkeff=3.25e-09  F=1.72344e+03
it 1135  keff=1.1861081  dkeff=3.08e-09  F=1.72344e+03
it 1140  keff=1.1861081  dkeff=2.92e-09  F=1.72344e+03
it 1145  keff=1.1861081  dkeff=2.77e-09  F=1.72344e+03
it 1150  keff=1.1861081  dkeff=2.62e-09  F=1.72344e+03
it 1155  keff=1.1861081  dkeff=2.48e-09  F=1.72344e+03
it 1160  keff=1.1861082  dkeff=2.35e-09  F=1.72344e+03
it 1165  keff=1.1861082  dkeff=2.23e-09  F=1.72344e+03
it 1170  keff=1.1861082  dkeff=2.12e-09  F=1.72344e+03
it 1175  keff=1.1861082  dkeff=2.01e-09  F=1.72344e+03
it 1180  keff=1.1861082  dkeff=1.90e-09  F=1.72344e+03
it 1185  keff=1.1861082  dkeff=1.80e-09  F=1.72344e+03
it 1190  keff=1.1861082  dkeff=1.71e-09  F=1.72344e+03
it 1195  keff=1.1861082  dkeff=1.62e-09  F=1.72344e+03
it 1200  keff=1.1861083  dkeff=1.53e-09  F=1.72344e+03
it 1205  keff=1.1861083  dkeff=1.45e-09  F=1.72344e+03
it 1210  keff=1.1861083  dkeff=1.38e-09  F=1.72344e+03
it 1215  keff=1.1861083  dkeff=1.31e-09  F=1.72344e+03
it 1220  keff=1.1861083  dkeff=1.24e-09  F=1.72344e+03
it 1225  keff=1.1861083  dkeff=1.17e-09  F=1.72344e+03
it 1230  keff=1.1861083  dkeff=1.11e-09  F=1.72344e+03
it 1235  keff=1.1861083  dkeff=1.05e-09  F=1.72344e+03
it 1240  keff=1.1861083  dkeff=9.99e-10  F=1.72344e+03
it 1245  keff=1.1861083  dkeff=9.47e-10  F=1.72344e+03
it 1250  keff=1.1861083  dkeff=8.98e-10  F=1.72344e+03
it 1255  keff=1.1861083  dkeff=8.51e-10  F=1.72344e+03
it 1260  keff=1.1861083  dkeff=8.06e-10  F=1.72344e+03
it 1265  keff=1.1861083  dkeff=7.64e-10  F=1.72344e+03
it 1270  keff=1.1861083  dkeff=7.24e-10  F=1.72344e+03
it 1275  keff=1.1861083  dkeff=6.87e-10  F=1.72344e+03
it 1280  keff=1.1861083  dkeff=6.51e-10  F=1.72344e+03
it 1285  keff=1.1861084  dkeff=6.17e-10  F=1.72344e+03
it 1290  keff=1.1861084  dkeff=5.85e-10  F=1.72344e+03
it 1295  keff=1.1861084  dkeff=5.54e-10  F=1.72344e+03
it 1300  keff=1.1861084  dkeff=5.25e-10  F=1.72344e+03
it 1305  keff=1.1861084  dkeff=4.98e-10  F=1.72344e+03
it 1310  keff=1.1861084  dkeff=4.72e-10  F=1.72344e+03
it 1315  keff=1.1861084  dkeff=4.47e-10  F=1.72344e+03
it 1320  keff=1.1861084  dkeff=4.24e-10  F=1.72344e+03
it 1325  keff=1.1861084  dkeff=4.02e-10  F=1.72344e+03
it 1330  keff=1.1861084  dkeff=3.81e-10  F=1.72344e+03
it 1335  keff=1.1861084  dkeff=3.61e-10  F=1.72344e+03
it 1340  keff=1.1861084  dkeff=3.42e-10  F=1.72344e+03
it 1345  keff=1.1861084  dkeff=3.24e-10  F=1.72344e+03
it 1350  keff=1.1861084  dkeff=3.07e-10  F=1.72344e+03
it 1355  keff=1.1861084  dkeff=2.91e-10  F=1.72344e+03
it 1360  keff=1.1861084  dkeff=2.76e-10  F=1.72344e+03
it 1365  keff=1.1861084  dkeff=2.62e-10  F=1.72344e+03
it 1370  keff=1.1861084  dkeff=2.48e-10  F=1.72344e+03
it 1375  keff=1.1861084  dkeff=2.35e-10  F=1.72344e+03
it 1380  keff=1.1861084  dkeff=2.23e-10  F=1.72344e+03
it 1385  keff=1.1861084  dkeff=2.11e-10  F=1.72344e+03
it 1390  keff=1.1861084  dkeff=2.00e-10  F=1.72344e+03
it 1395  keff=1.1861084  dkeff=1.90e-10  F=1.72344e+03
it 1400  keff=1.1861084  dkeff=1.80e-10  F=1.72344e+03
it 1405  keff=1.1861084  dkeff=1.71e-10  F=1.72344e+03
it 1410  keff=1.1861084  dkeff=1.62e-10  F=1.72344e+03
it 1415  keff=1.1861084  dkeff=1.53e-10  F=1.72344e+03
it 1420  keff=1.1861084  dkeff=1.45e-10  F=1.72344e+03
it 1425  keff=1.1861084  dkeff=1.38e-10  F=1.72344e+03
it 1430  keff=1.1861084  dkeff=1.31e-10  F=1.72344e+03
it 1435  keff=1.1861084  dkeff=1.24e-10  F=1.72344e+03
it 1440  keff=1.1861084  dkeff=1.17e-10  F=1.72344e+03
it 1445  keff=1.1861084  dkeff=1.11e-10  F=1.72344e+03
it 1450  keff=1.1861084  dkeff=1.05e-10  F=1.72344e+03
it 1455  keff=1.1861084  dkeff=9.99e-11  F=1.72344e+03
it    0  keff=0.8276744  dkeff=2.08e-01  F=1.20263e+03
it    5  keff=0.5826705  dkeff=5.27e-02  F=8.46634e+02
it   10  keff=0.5710869  dkeff=2.27e-02  F=8.29803e+02
it   15  keff=0.6883664  dkeff=3.94e-02  F=1.00021e+03
it   20  keff=0.8210601  dkeff=3.04e-02  F=1.19302e+03
it   25  keff=0.9261731  dkeff=1.97e-02  F=1.34575e+03
it   30  keff=0.9982551  dkeff=1.21e-02  F=1.45049e+03
it   35  keff=1.0448366  dkeff=7.39e-03  F=1.51817e+03
it   40  keff=1.0747024  dkeff=4.64e-03  F=1.56157e+03
it   45  keff=1.0943136  dkeff=3.04e-03  F=1.59006e+03
it   50  keff=1.1077470  dkeff=2.10e-03  F=1.60958e+03
it   55  keff=1.1174303  dkeff=1.54e-03  F=1.62365e+03
it   60  keff=1.1247818  dkeff=1.18e-03  F=1.63433e+03
it   65  keff=1.1306296  dkeff=9.52e-04  F=1.64283e+03
it   70  keff=1.1354635  dkeff=7.94e-04  F=1.64986e+03
it   75  keff=1.1395794  dkeff=6.81e-04  F=1.65584e+03
it   80  keff=1.1431623  dkeff=5.95e-04  F=1.66104e+03
it   85  keff=1.1463325  dkeff=5.28e-04  F=1.66565e+03
it   90  keff=1.1491713  dkeff=4.74e-04  F=1.66977e+03
it   95  keff=1.1517364  dkeff=4.28e-04  F=1.67350e+03
it  100  keff=1.1540702  dkeff=3.90e-04  F=1.67689e+03
it  105  keff=1.1562050  dkeff=3.57e-04  F=1.67999e+03
it  110  keff=1.1581663  dkeff=3.28e-04  F=1.68284e+03
it  115  keff=1.1599744  dkeff=3.02e-04  F=1.68547e+03
it  120  keff=1.1616463  dkeff=2.79e-04  F=1.68790e+03
it  125  keff=1.1631959  dkeff=2.59e-04  F=1.69015e+03
it  130  keff=1.1646353  dkeff=2.40e-04  F=1.69224e+03
it  135  keff=1.1659747  dkeff=2.23e-04  F=1.69419e+03
it  140  keff=1.1672229  dkeff=2.08e-04  F=1.69600e+03
it  145  keff=1.1683876  dkeff=1.94e-04  F=1.69769e+03
it  150  keff=1.1694758  dkeff=1.81e-04  F=1.69928e+03
it  155  keff=1.1704935  dkeff=1.69e-04  F=1.70075e+03
it  160  keff=1.1714460  dkeff=1.58e-04  F=1.70214e+03
it  165  keff=1.1723382  dkeff=1.48e-04  F=1.70343e+03
it  170  keff=1.1731745  dkeff=1.39e-04  F=1.70465e+03
it  175  keff=1.1739589  dkeff=1.30e-04  F=1.70579e+03
it  180  keff=1.1746950  dkeff=1.22e-04  F=1.70686e+03
it  185  keff=1.1753860  dkeff=1.15e-04  F=1.70786e+03
it  190  keff=1.1760350  dkeff=1.08e-04  F=1.70881e+03
it  195  keff=1.1766447  dkeff=1.01e-04  F=1.70969e+03
it  200  keff=1.1772178  dkeff=9.50e-05  F=1.71053e+03
it  205  keff=1.1777566  dkeff=8.93e-05  F=1.71131e+03
it  210  keff=1.1782632  dkeff=8.39e-05  F=1.71204e+03
it  215  keff=1.1787398  dkeff=7.89e-05  F=1.71274e+03
it  220  keff=1.1791882  dkeff=7.42e-05  F=1.71339e+03
it  225  keff=1.1796101  dkeff=6.98e-05  F=1.71400e+03
it  230  keff=1.1800072  dkeff=6.57e-05  F=1.71458e+03
it  235  keff=1.1803811  dkeff=6.18e-05  F=1.71512e+03
it  240  keff=1.1807331  dkeff=5.82e-05  F=1.71563e+03
it  245  keff=1.1810646  dkeff=5.48e-05  F=1.71611e+03
it  250  keff=1.1813768  dkeff=5.16e-05  F=1.71657e+03
it  255  keff=1.1816709  dkeff=4.86e-05  F=1.71700e+03
it  260  keff=1.1819480  dkeff=4.58e-05  F=1.71740e+03
it  265  keff=1.1822091  dkeff=4.31e-05  F=1.71778e+03
it  270  keff=1.1824552  dkeff=4.06e-05  F=1.71814e+03
it  275  keff=1.1826871  dkeff=3.83e-05  F=1.71847e+03
it  280  keff=1.1829057  dkeff=3.61e-05  F=1.71879e+03
it  285  keff=1.1831118  dkeff=3.40e-05  F=1.71909e+03
it  290  keff=1.1833061  dkeff=3.21e-05  F=1.71937e+03
it  295  keff=1.1834893  dkeff=3.02e-05  F=1.71964e+03
it  300  keff=1.1836621  dkeff=2.85e-05  F=1.71989e+03
it  305  keff=1.1838251  dkeff=2.69e-05  F=1.72013e+03
it  310  keff=1.1839788  dkeff=2.54e-05  F=1.72035e+03
it  315  keff=1.1841239  dkeff=2.39e-05  F=1.72056e+03
it  320  keff=1.1842607  dkeff=2.26e-05  F=1.72076e+03
it  325  keff=1.1843899  dkeff=2.13e-05  F=1.72095e+03
it  330  keff=1.1845117  dkeff=2.01e-05  F=1.72112e+03
it  335  keff=1.1846267  dkeff=1.90e-05  F=1.72129e+03
it  340  keff=1.1847353  dkeff=1.79e-05  F=1.72145e+03
it  345  keff=1.1848378  dkeff=1.69e-05  F=1.72160e+03
it  350  keff=1.1849345  dkeff=1.60e-05  F=1.72174e+03
it  355  keff=1.1850259  dkeff=1.51e-05  F=1.72187e+03
it  360  keff=1.1851121  dkeff=1.42e-05  F=1.72200e+03
it  365  keff=1.1851936  dkeff=1.34e-05  F=1.72211e+03
it  370  keff=1.1852705  dkeff=1.27e-05  F=1.72223e+03
it  375  keff=1.1853432  dkeff=1.20e-05  F=1.72233e+03
it  380  keff=1.1854118  dkeff=1.13e-05  F=1.72243e+03
it  385  keff=1.1854767  dkeff=1.07e-05  F=1.72253e+03
it  390  keff=1.1855379  dkeff=1.01e-05  F=1.72261e+03
it  395  keff=1.1855958  dkeff=9.54e-06  F=1.72270e+03
it  400  keff=1.1856505  dkeff=9.02e-06  F=1.72278e+03
it  405  keff=1.1857022  dkeff=8.52e-06  F=1.72285e+03
it  410  keff=1.1857510  dkeff=8.05e-06  F=1.72292e+03
it  415  keff=1.1857972  dkeff=7.61e-06  F=1.72299e+03
it  420  keff=1.1858408  dkeff=7.19e-06  F=1.72305e+03
it  425  keff=1.1858821  dkeff=6.80e-06  F=1.72311e+03
it  430  keff=1.1859211  dkeff=6.43e-06  F=1.72317e+03
it  435  keff=1.1859579  dkeff=6.08e-06  F=1.72322e+03
it  440  keff=1.1859928  dkeff=5.75e-06  F=1.72328e+03
it  445  keff=1.1860257  dkeff=5.43e-06  F=1.72332e+03
it  450  keff=1.1860569  dkeff=5.14e-06  F=1.72337e+03
it  455  keff=1.1860863  dkeff=4.86e-06  F=1.72341e+03
it  460  keff=1.1861142  dkeff=4.59e-06  F=1.72345e+03
it  465  keff=1.1861406  dkeff=4.35e-06  F=1.72349e+03
it  470  keff=1.1861655  dkeff=4.11e-06  F=1.72353e+03
it  475  keff=1.1861891  dkeff=3.89e-06  F=1.72356e+03
it  480  keff=1.1862114  dkeff=3.68e-06  F=1.72359e+03
it  485  keff=1.1862325  dkeff=3.48e-06  F=1.72362e+03
it  490  keff=1.1862524  dkeff=3.29e-06  F=1.72365e+03
it  495  keff=1.1862713  dkeff=3.11e-06  F=1.72368e+03
it  500  keff=1.1862892  dkeff=2.95e-06  F=1.72371e+03
it  505  keff=1.1863061  dkeff=2.79e-06  F=1.72373e+03
it  510  keff=1.1863221  dkeff=2.64e-06  F=1.72375e+03
it  515  keff=1.1863372  dkeff=2.50e-06  F=1.72378e+03
it  520  keff=1.1863516  dkeff=2.36e-06  F=1.72380e+03
it  525  keff=1.1863651  dkeff=2.24e-06  F=1.72382e+03
it  530  keff=1.1863779  dkeff=2.12e-06  F=1.72384e+03
it  535  keff=1.1863901  dkeff=2.00e-06  F=1.72385e+03
it  540  keff=1.1864016  dkeff=1.89e-06  F=1.72387e+03
it  545  keff=1.1864125  dkeff=1.79e-06  F=1.72389e+03
it  550  keff=1.1864227  dkeff=1.70e-06  F=1.72390e+03
it  555  keff=1.1864325  dkeff=1.61e-06  F=1.72391e+03
it  560  keff=1.1864417  dkeff=1.52e-06  F=1.72393e+03
it  565  keff=1.1864505  dkeff=1.44e-06  F=1.72394e+03
it  570  keff=1.1864587  dkeff=1.36e-06  F=1.72395e+03
it  575  keff=1.1864665  dkeff=1.29e-06  F=1.72396e+03
it  580  keff=1.1864740  dkeff=1.22e-06  F=1.72397e+03
it  585  keff=1.1864810  dkeff=1.16e-06  F=1.72398e+03
it  590  keff=1.1864876  dkeff=1.10e-06  F=1.72399e+03
it  595  keff=1.1864939  dkeff=1.04e-06  F=1.72400e+03
it  600  keff=1.1864999  dkeff=9.82e-07  F=1.72401e+03
it  605  keff=1.1865055  dkeff=9.30e-07  F=1.72402e+03
it  610  keff=1.1865108  dkeff=8.81e-07  F=1.72403e+03
it  615  keff=1.1865159  dkeff=8.34e-07  F=1.72404e+03
it  620  keff=1.1865207  dkeff=7.90e-07  F=1.72404e+03
it  625  keff=1.1865252  dkeff=7.48e-07  F=1.72405e+03
it  630  keff=1.1865295  dkeff=7.08e-07  F=1.72406e+03
it  635  keff=1.1865336  dkeff=6.71e-07  F=1.72406e+03
it  640  keff=1.1865374  dkeff=6.35e-07  F=1.72407e+03
it  645  keff=1.1865411  dkeff=6.02e-07  F=1.72407e+03
it  650  keff=1.1865445  dkeff=5.70e-07  F=1.72408e+03
it  655  keff=1.1865478  dkeff=5.40e-07  F=1.72408e+03
it  660  keff=1.1865509  dkeff=5.11e-07  F=1.72409e+03
it  665  keff=1.1865538  dkeff=4.84e-07  F=1.72409e+03
it  670  keff=1.1865566  dkeff=4.59e-07  F=1.72409e+03
it  675  keff=1.1865593  dkeff=4.34e-07  F=1.72410e+03
it  680  keff=1.1865617  dkeff=4.11e-07  F=1.72410e+03
it  685  keff=1.1865641  dkeff=3.90e-07  F=1.72411e+03
it  690  keff=1.1865663  dkeff=3.69e-07  F=1.72411e+03
it  695  keff=1.1865685  dkeff=3.50e-07  F=1.72411e+03
it  700  keff=1.1865705  dkeff=3.31e-07  F=1.72411e+03
it  705  keff=1.1865724  dkeff=3.14e-07  F=1.72412e+03
it  710  keff=1.1865742  dkeff=2.97e-07  F=1.72412e+03
it  715  keff=1.1865759  dkeff=2.82e-07  F=1.72412e+03
it  720  keff=1.1865775  dkeff=2.67e-07  F=1.72412e+03
it  725  keff=1.1865790  dkeff=2.53e-07  F=1.72413e+03
it  730  keff=1.1865805  dkeff=2.39e-07  F=1.72413e+03
it  735  keff=1.1865819  dkeff=2.27e-07  F=1.72413e+03
it  740  keff=1.1865832  dkeff=2.15e-07  F=1.72413e+03
it  745  keff=1.1865844  dkeff=2.04e-07  F=1.72414e+03
it  750  keff=1.1865856  dkeff=1.93e-07  F=1.72414e+03
it  755  keff=1.1865867  dkeff=1.83e-07  F=1.72414e+03
it  760  keff=1.1865877  dkeff=1.73e-07  F=1.72414e+03
it  765  keff=1.1865887  dkeff=1.64e-07  F=1.72414e+03
it  770  keff=1.1865897  dkeff=1.55e-07  F=1.72414e+03
it  775  keff=1.1865906  dkeff=1.47e-07  F=1.72414e+03
it  780  keff=1.1865914  dkeff=1.40e-07  F=1.72415e+03
it  785  keff=1.1865922  dkeff=1.32e-07  F=1.72415e+03
it  790  keff=1.1865930  dkeff=1.25e-07  F=1.72415e+03
it  795  keff=1.1865937  dkeff=1.19e-07  F=1.72415e+03
it  800  keff=1.1865944  dkeff=1.12e-07  F=1.72415e+03
it  805  keff=1.1865950  dkeff=1.07e-07  F=1.72415e+03
it  810  keff=1.1865956  dkeff=1.01e-07  F=1.72415e+03
it  815  keff=1.1865962  dkeff=9.57e-08  F=1.72415e+03
it  820  keff=1.1865968  dkeff=9.07e-08  F=1.72415e+03
it  825  keff=1.1865973  dkeff=8.59e-08  F=1.72415e+03
it  830  keff=1.1865978  dkeff=8.14e-08  F=1.72415e+03
it  835  keff=1.1865982  dkeff=7.72e-08  F=1.72416e+03
it  840  keff=1.1865987  dkeff=7.31e-08  F=1.72416e+03
it  845  keff=1.1865991  dkeff=6.93e-08  F=1.72416e+03
it  850  keff=1.1865995  dkeff=6.57e-08  F=1.72416e+03
it  855  keff=1.1865999  dkeff=6.22e-08  F=1.72416e+03
it  860  keff=1.1866002  dkeff=5.90e-08  F=1.72416e+03
it  865  keff=1.1866006  dkeff=5.59e-08  F=1.72416e+03
it  870  keff=1.1866009  dkeff=5.29e-08  F=1.72416e+03
it  875  keff=1.1866012  dkeff=5.02e-08  F=1.72416e+03
it  880  keff=1.1866015  dkeff=4.75e-08  F=1.72416e+03
it  885  keff=1.1866018  dkeff=4.51e-08  F=1.72416e+03
it  890  keff=1.1866020  dkeff=4.27e-08  F=1.72416e+03
it  895  keff=1.1866023  dkeff=4.05e-08  F=1.72416e+03
it  900  keff=1.1866025  dkeff=3.83e-08  F=1.72416e+03
it  905  keff=1.1866027  dkeff=3.63e-08  F=1.72416e+03
it  910  keff=1.1866029  dkeff=3.44e-08  F=1.72416e+03
it  915  keff=1.1866031  dkeff=3.26e-08  F=1.72416e+03
it  920  keff=1.1866033  dkeff=3.09e-08  F=1.72416e+03
it  925  keff=1.1866035  dkeff=2.93e-08  F=1.72416e+03
it  930  keff=1.1866037  dkeff=2.78e-08  F=1.72416e+03
it  935  keff=1.1866038  dkeff=2.63e-08  F=1.72416e+03
it  940  keff=1.1866040  dkeff=2.50e-08  F=1.72416e+03
it  945  keff=1.1866041  dkeff=2.36e-08  F=1.72416e+03
it  950  keff=1.1866043  dkeff=2.24e-08  F=1.72416e+03
it  955  keff=1.1866044  dkeff=2.12e-08  F=1.72416e+03
it  960  keff=1.1866045  dkeff=2.01e-08  F=1.72416e+03
it  965  keff=1.1866046  dkeff=1.91e-08  F=1.72416e+03
it  970  keff=1.1866047  dkeff=1.81e-08  F=1.72416e+03
it  975  keff=1.1866048  dkeff=1.71e-08  F=1.72416e+03
it  980  keff=1.1866049  dkeff=1.62e-08  F=1.72416e+03
it  985  keff=1.1866050  dkeff=1.54e-08  F=1.72416e+03
it  990  keff=1.1866051  dkeff=1.46e-08  F=1.72417e+03
it  995  keff=1.1866052  dkeff=1.38e-08  F=1.72417e+03
it 1000  keff=1.1866053  dkeff=1.31e-08  F=1.72417e+03
it 1005  keff=1.1866053  dkeff=1.24e-08  F=1.72417e+03
it 1010  keff=1.1866054  dkeff=1.18e-08  F=1.72417e+03
it 1015  keff=1.1866055  dkeff=1.12e-08  F=1.72417e+03
it 1020  keff=1.1866056  dkeff=1.06e-08  F=1.72417e+03
it 1025  keff=1.1866056  dkeff=1.00e-08  F=1.72417e+03
it 1030  keff=1.1866057  dkeff=9.50e-09  F=1.72417e+03
it 1035  keff=1.1866057  dkeff=9.00e-09  F=1.72417e+03
it 1040  keff=1.1866058  dkeff=8.53e-09  F=1.72417e+03
it 1045  keff=1.1866058  dkeff=8.08e-09  F=1.72417e+03
it 1050  keff=1.1866059  dkeff=7.66e-09  F=1.72417e+03
it 1055  keff=1.1866059  dkeff=7.26e-09  F=1.72417e+03
it 1060  keff=1.1866060  dkeff=6.88e-09  F=1.72417e+03
it 1065  keff=1.1866060  dkeff=6.52e-09  F=1.72417e+03
it 1070  keff=1.1866060  dkeff=6.18e-09  F=1.72417e+03
it 1075  keff=1.1866061  dkeff=5.86e-09  F=1.72417e+03
it 1080  keff=1.1866061  dkeff=5.55e-09  F=1.72417e+03
it 1085  keff=1.1866061  dkeff=5.26e-09  F=1.72417e+03
it 1090  keff=1.1866062  dkeff=4.99e-09  F=1.72417e+03
it 1095  keff=1.1866062  dkeff=4.73e-09  F=1.72417e+03
it 1100  keff=1.1866062  dkeff=4.48e-09  F=1.72417e+03
it 1105  keff=1.1866062  dkeff=4.25e-09  F=1.72417e+03
it 1110  keff=1.1866063  dkeff=4.03e-09  F=1.72417e+03
it 1115  keff=1.1866063  dkeff=3.82e-09  F=1.72417e+03
it 1120  keff=1.1866063  dkeff=3.62e-09  F=1.72417e+03
it 1125  keff=1.1866063  dkeff=3.43e-09  F=1.72417e+03
it 1130  keff=1.1866064  dkeff=3.25e-09  F=1.72417e+03
it 1135  keff=1.1866064  dkeff=3.08e-09  F=1.72417e+03
it 1140  keff=1.1866064  dkeff=2.92e-09  F=1.72417e+03
it 1145  keff=1.1866064  dkeff=2.77e-09  F=1.72417e+03
it 1150  keff=1.1866064  dkeff=2.62e-09  F=1.72417e+03
it 1155  keff=1.1866064  dkeff=2.49e-09  F=1.72417e+03
it 1160  keff=1.1866065  dkeff=2.36e-09  F=1.72417e+03
it 1165  keff=1.1866065  dkeff=2.23e-09  F=1.72417e+03
it 1170  keff=1.1866065  dkeff=2.12e-09  F=1.72417e+03
it 1175  keff=1.1866065  dkeff=2.01e-09  F=1.72417e+03
it 1180  keff=1.1866065  dkeff=1.90e-09  F=1.72417e+03
it 1185  keff=1.1866065  dkeff=1.80e-09  F=1.72417e+03
it 1190  keff=1.1866065  dkeff=1.71e-09  F=1.72417e+03
it 1195  keff=1.1866065  dkeff=1.62e-09  F=1.72417e+03
it 1200  keff=1.1866065  dkeff=1.53e-09  F=1.72417e+03
it 1205  keff=1.1866066  dkeff=1.45e-09  F=1.72417e+03
it 1210  keff=1.1866066  dkeff=1.38e-09  F=1.72417e+03
it 1215  keff=1.1866066  dkeff=1.31e-09  F=1.72417e+03
it 1220  keff=1.1866066  dkeff=1.24e-09  F=1.72417e+03
it 1225  keff=1.1866066  dkeff=1.17e-09  F=1.72417e+03
it 1230  keff=1.1866066  dkeff=1.11e-09  F=1.72417e+03
it 1235  keff=1.1866066  dkeff=1.05e-09  F=1.72417e+03
it 1240  keff=1.1866066  dkeff=1.00e-09  F=1.72417e+03
it 1245  keff=1.1866066  dkeff=9.47e-10  F=1.72417e+03
it 1250  keff=1.1866066  dkeff=8.98e-10  F=1.72417e+03
it 1255  keff=1.1866066  dkeff=8.51e-10  F=1.72417e+03
it 1260  keff=1.1866066  dkeff=8.07e-10  F=1.72417e+03
it 1265  keff=1.1866066  dkeff=7.65e-10  F=1.72417e+03
it 1270  keff=1.1866066  dkeff=7.25e-10  F=1.72417e+03
it 1275  keff=1.1866066  dkeff=6.87e-10  F=1.72417e+03
it 1280  keff=1.1866066  dkeff=6.51e-10  F=1.72417e+03
it 1285  keff=1.1866066  dkeff=6.17e-10  F=1.72417e+03
it 1290  keff=1.1866067  dkeff=5.85e-10  F=1.72417e+03
it 1295  keff=1.1866067  dkeff=5.55e-10  F=1.72417e+03
it 1300  keff=1.1866067  dkeff=5.26e-10  F=1.72417e+03
it 1305  keff=1.1866067  dkeff=4.98e-10  F=1.72417e+03
it 1310  keff=1.1866067  dkeff=4.72e-10  F=1.72417e+03
it 1315  keff=1.1866067  dkeff=4.48e-10  F=1.72417e+03
it 1320  keff=1.1866067  dkeff=4.24e-10  F=1.72417e+03
it 1325  keff=1.1866067  dkeff=4.02e-10  F=1.72417e+03
it 1330  keff=1.1866067  dkeff=3.81e-10  F=1.72417e+03
it 1335  keff=1.1866067  dkeff=3.61e-10  F=1.72417e+03
it 1340  keff=1.1866067  dkeff=3.42e-10  F=1.72417e+03
it 1345  keff=1.1866067  dkeff=3.25e-10  F=1.72417e+03
it 1350  keff=1.1866067  dkeff=3.08e-10  F=1.72417e+03
it 1355  keff=1.1866067  dkeff=2.92e-10  F=1.72417e+03
it 1360  keff=1.1866067  dkeff=2.76e-10  F=1.72417e+03
it 1365  keff=1.1866067  dkeff=2.62e-10  F=1.72417e+03
it 1370  keff=1.1866067  dkeff=2.48e-10  F=1.72417e+03
it 1375  keff=1.1866067  dkeff=2.35e-10  F=1.72417e+03
it 1380  keff=1.1866067  dkeff=2.23e-10  F=1.72417e+03
it 1385  keff=1.1866067  dkeff=2.11e-10  F=1.72417e+03
it 1390  keff=1.1866067  dkeff=2.00e-10  F=1.72417e+03
it 1395  keff=1.1866067  dkeff=1.90e-10  F=1.72417e+03
it 1400  keff=1.1866067  dkeff=1.80e-10  F=1.72417e+03
it 1405  keff=1.1866067  dkeff=1.71e-10  F=1.72417e+03
it 1410  keff=1.1866067  dkeff=1.62e-10  F=1.72417e+03
it 1415  keff=1.1866067  dkeff=1.53e-10  F=1.72417e+03
it 1420  keff=1.1866067  dkeff=1.45e-10  F=1.72417e+03
it 1425  keff=1.1866067  dkeff=1.38e-10  F=1.72417e+03
it 1430  keff=1.1866067  dkeff=1.31e-10  F=1.72417e+03
it 1435  keff=1.1866067  dkeff=1.24e-10  F=1.72417e+03
it 1440  keff=1.1866067  dkeff=1.17e-10  F=1.72417e+03
it 1445  keff=1.1866067  dkeff=1.11e-10  F=1.72417e+03
it 1450  keff=1.1866067  dkeff=1.05e-10  F=1.72417e+03
it 1455  keff=1.1866067  dkeff=9.99e-11  F=1.72417e+03
EXIT=0
