it    0  keff=0.9145381  dkeff=9.34e-02  F=7.53314e+03
it    5  keff=0.5976170  dkeff=6.59e-02  F=4.92263e+03
it   10  keff=0.5736386  dkeff=2.28e-02  F=4.72512e+03
it   15  keff=0.6963364  dkeff=4.07e-02  F=5.73579e+03
it   20  keff=0.8331689  dkeff=3.06e-02  F=6.86289e+03
it   25  keff=0.9388214  dkeff=1.93e-02  F=7.73316e+03
it   30  keff=1.0090594  dkeff=1.15e-02  F=8.31172e+03
it   35  keff=1.0530714  dkeff=6.85e-03  F=8.67425e+03
it   40  keff=1.0806656  dkeff=4.23e-03  F=8.90154e+03
it   45  keff=1.0986146  dkeff=2.77e-03  F=9.04939e+03
it   50  keff=1.1109485  dkeff=1.93e-03  F=9.15099e+03
it   55  keff=1.1199508  dkeff=1.43e-03  F=9.22514e+03
it   60  keff=1.1269035  dkeff=1.12e-03  F=9.28241e+03
it   65  keff=1.1325327  dkeff=9.21e-04  F=9.32878e+03
it   70  keff=1.1372582  dkeff=7.80e-04  F=9.36770e+03
it   75  keff=1.1413315  dkeff=6.76e-04  F=9.40126e+03
it   80  keff=1.1449097  dkeff=5.95e-04  F=9.43073e+03
it   85  keff=1.1480963  dkeff=5.31e-04  F=9.45698e+03
it   90  keff=1.1509627  dkeff=4.78e-04  F=9.48059e+03
it   95  keff=1.1535608  dkeff=4.34e-04  F=9.50199e+03
it  100  keff=1.1559294  dkeff=3.95e-04  F=9.52150e+03
it  105  keff=1.1580990  dkeff=3.62e-04  F=9.53937e+03
it  110  keff=1.1600938  dkeff=3.33e-04  F=9.55580e+03
it  115  keff=1.1619338  dkeff=3.07e-04  F=9.57096e+03
it  120  keff=1.1636356  dkeff=2.84e-04  F=9.58498e+03
it  125  keff=1.1652130  dkeff=2.63e-04  F=9.59797e+03
it  130  keff=1.1666780  dkeff=2.44e-04  F=9.61004e+03
it  135  keff=1.1680408  dkeff=2.27e-04  F=9.62126e+03
it  140  keff=1.1693105  dkeff=2.11e-04  F=9.63172e+03
it  145  keff=1.1704947  dkeff=1.97e-04  F=9.64148e+03
it  150  keff=1.1716006  dkeff=1.84e-04  F=9.65058e+03
it  155  keff=1.1726342  dkeff=1.72e-04  F=9.65910e+03
it  160  keff=1.1736009  dkeff=1.60e-04  F=9.66706e+03
it  165  keff=1.1745059  dkeff=1.50e-04  F=9.67452e+03
it  170  keff=1.1753536  dkeff=1.41e-04  F=9.68150e+03
it  175  keff=1.1761480  dkeff=1.32e-04  F=9.68804e+03
it  180  keff=1.1768928  dkeff=1.23e-04  F=9.69418e+03
it  185  keff=1.1775915  dkeff=1.16e-04  F=9.69993e+03
it  190  keff=1.1782471  dkeff=1.08e-04  F=9.70533e+03
it  195  keff=1.1788626  dkeff=1.02e-04  F=9.71040e+03
it  200  keff=1.1794405  dkeff=9.55e-05  F=9.71516e+03
it  205  keff=1.1799832  dkeff=8.97e-05  F=9.71963e+03
it  210  keff=1.1804932  dkeff=8.43e-05  F=9.72383e+03
it  215  keff=1.1809724  dkeff=7.92e-05  F=9.72778e+03
it  220  keff=1.1814228  dkeff=7.44e-05  F=9.73149e+03
it  225  keff=1.1818462  dkeff=6.99e-05  F=9.73498e+03
it  230  keff=1.1822444  dkeff=6.57e-05  F=9.73826e+03
it  235  keff=1.1826188  dkeff=6.18e-05  F=9.74134e+03
it  240  keff=1.1829710  dkeff=5.81e-05  F=9.74424e+03
it  245  keff=1.1833024  dkeff=5.46e-05  F=9.74697e+03
it  250  keff=1.1836142  dkeff=5.14e-05  F=9.74954e+03
it  255  keff=1.1839076  dkeff=4.84e-05  F=9.75196e+03
it  260  keff=1.1841837  dkeff=4.55e-05  F=9.75423e+03
it  265  keff=1.1844437  dkeff=4.28e-05  F=9.75637e+03
it  270  keff=1.1846884  dkeff=4.03e-05  F=9.75839e+03
it  275  keff=1.1849189  dkeff=3.80e-05  F=9.76029e+03
it  280  keff=1.1851359  dkeff=3.58e-05  F=9.76208e+03
it  285  keff=1.1853403  dkeff=3.37e-05  F=9.76376e+03
it  290  keff=1.1855329  dkeff=3.17e-05  F=9.76535e+03
it  295  keff=1.1857143  dkeff=2.99e-05  F=9.76684e+03
it  300  keff=1.1858852  dkeff=2.81e-05  F=9.76825e+03
it  305  keff=1.1860462  dkeff=2.65e-05  F=9.76957e+03
it  310  keff=1.1861980  dkeff=2.50e-05  F=9.77083e+03
it  315  keff=1.1863411  dkeff=2.36e-05  F=9.77200e+03
it  320  keff=1.1864759  dkeff=2.22e-05  F=9.77311e+03
it  325  keff=1.1866031  dkeff=2.09e-05  F=9.77416e+03
it  330  keff=1.1867229  dkeff=1.97e-05  F=9.77515e+03
it  335  keff=1.1868360  dkeff=1.86e-05  F=9.77608e+03
it  340  keff=1.1869426  dkeff=1.75e-05  F=9.77696e+03
it  345  keff=1.1870431  dkeff=1.65e-05  F=9.77779e+03
it  350  keff=1.1871380  dkeff=1.56e-05  F=9.77857e+03
it  355  keff=1.1872275  dkeff=1.47e-05  F=9.77930e+03
it  360  keff=1.1873119  dkeff=1.39e-05  F=9.78000e+03
it  365  keff=1.1873915  dkeff=1.31e-05  F=9.78066e+03
it  370  keff=1.1874667  dkeff=1.24e-05  F=9.78128e+03
it  375  keff=1.1875376  dkeff=1.17e-05  F=9.78186e+03
it  380  keff=1.1876046  dkeff=1.10e-05  F=9.78241e+03
it  385  keff=1.1876678  dkeff=1.04e-05  F=9.78293e+03
it  390  keff=1.1877275  dkeff=9.82e-06  F=9.78342e+03
it  395  keff=1.1877838  dkeff=9.27e-06  F=9.78389e+03
it  400  keff=1.1878370  dkeff=8.75e-06  F=9.78433e+03
it  405  keff=1.1878872  dkeff=8.26e-06  F=9.78474e+03
it  410  keff=1.1879346  dkeff=7.80e-06  F=9.78513e+03
it  415  keff=1.1879794  dkeff=7.37e-06  F=9.78550e+03
it  420  keff=1.1880217  dkeff=6.96e-06  F=9.78585e+03
it  425  keff=1.1880617  dkeff=6.57e-06  F=9.78618e+03
it  430  keff=1.1880994  dkeff=6.21e-06  F=9.78649e+03
it  435  keff=1.1881351  dkeff=5.87e-06  F=9.78678e+03
it  440  keff=1.1881688  dkeff=5.54e-06  F=9.78706e+03
it  445  keff=1.1882006  dkeff=5.24e-06  F=9.78732e+03
it  450  keff=1.1882307  dkeff=4.95e-06  F=9.78757e+03
it  455  keff=1.1882591  dkeff=4.68e-06  F=9.78780e+03
it  460  keff=1.1882860  dkeff=4.42e-06  F=9.78802e+03
it  465  keff=1.1883114  dkeff=4.18e-06  F=9.78823e+03
it  470  keff=1.1883354  dkeff=3.95e-06  F=9.78843e+03
it  475  keff=1.1883581  dkeff=3.73e-06  F=9.78862e+03
it  480  keff=1.1883795  dkeff=3.53e-06  F=9.78879e+03
it  485  keff=1.1883998  dkeff=3.34e-06  F=9.78896e+03
it  490  keff=1.1884190  dkeff=3.15e-06  F=9.78912e+03
it  495  keff=1.1884371  dkeff=2.98e-06  F=9.78927e+03
it  500  keff=1.1884542  dkeff=2.82e-06  F=9.78941e+03
it  505  keff=1.1884704  dkeff=2.67e-06  F=9.78954e+03
it  510  keff=1.1884857  dkeff=2.52e-06  F=9.78967e+03
it  515  keff=1.1885002  dkeff=2.38e-06  F=9.78979e+03
it  520  keff=1.1885139  dkeff=2.25e-06  F=9.78990e+03
it  525  keff=1.1885269  dkeff=2.13e-06  F=9.79001e+03
it  530  keff=1.1885391  dkeff=2.02e-06  F=9.79011e+03
it  535  keff=1.1885507  dkeff=1.91e-06  F=9.79020e+03
it  540  keff=1.1885617  dkeff=1.80e-06  F=9.79030e+03
it  545  keff=1.1885721  dkeff=1.71e-06  F=9.79038e+03
it  550  keff=1.1885819  dkeff=1.61e-06  F=9.79046e+03
it  555  keff=1.1885911  dkeff=1.53e-06  F=9.79054e+03
it  560  keff=1.1885999  dkeff=1.44e-06  F=9.79061e+03
it  565  keff=1.1886082  dkeff=1.37e-06  F=9.79068e+03
it  570  keff=1.1886161  dkeff=1.29e-06  F=9.79074e+03
it  575  keff=1.1886235  dkeff=1.22e-06  F=9.79080e+03
it  580  keff=1.1886306  dkeff=1.16e-06  F=9.79086e+03
it  585  keff=1.1886372  dkeff=1.10e-06  F=9.79092e+03
it  590  keff=1.1886435  dkeff=1.04e-06  F=9.79097e+03
it  595  keff=1.1886495  dkeff=9.81e-07  F=9.79102e+03
it  600  keff=1.1886551  dkeff=9.28e-07  F=9.79106e+03
it  605  keff=1.1886605  dkeff=8.78e-07  F=9.79111e+03
it  610  keff=1.1886655  dkeff=8.31e-07  F=9.79115e+03
it  615  keff=1.1886703  dkeff=7.87e-07  F=9.79119e+03
it  620  keff=1.1886748  dkeff=7.45e-07  F=9.79123e+03
it  625  keff=1.1886791  dkeff=7.05e-07  F=9.79126e+03
it  630  keff=1.1886832  dkeff=6.67e-07  F=9.79130e+03
it  635  keff=1.1886870  dkeff=6.31e-07  F=9.79133e+03
it  640  keff=1.1886906  dkeff=5.98e-07  F=9.79136e+03
it  645  keff=1.1886941  dkeff=5.66e-07  F=9.79139e+03
it  650  keff=1.1886973  dkeff=5.35e-07  F=9.79141e+03
it  655  keff=1.1887004  dkeff=5.07e-07  F=9.79144e+03
it  660  keff=1.1887033  dkeff=4.80e-07  F=9.79146e+03
it  665  keff=1.1887061  dkeff=4.54e-07  F=9.79148e+03
it  670  keff=1.1887087  dkeff=4.30e-07  F=9.79151e+03
it  675  keff=1.1887111  dkeff=4.07e-07  F=9.79153e+03
it  680  keff=1.1887135  dkeff=3.85e-07  F=9.79155e+03
it  685  keff=1.1887157  dkeff=3.65e-07  F=9.79156e+03
it  690  keff=1.1887178  dkeff=3.45e-07  F=9.79158e+03
it  695  keff=1.1887198  dkeff=3.27e-07  F=9.79160e+03
it  700  keff=1.1887217  dkeff=3.10e-07  F=9.79161e+03
it  705  keff=1.1887235  dkeff=2.93e-07  F=9.79163e+03
it  710  keff=1.1887251  dkeff=2.77e-07  F=9.79164e+03
it  715  keff=1.1887267  dkeff=2.63e-07  F=9.79165e+03
it  720  keff=1.1887282  dkeff=2.49e-07  F=9.79167e+03
it  725  keff=1.1887297  dkeff=2.36e-07  F=9.79168e+03
it  730  keff=1.1887310  dkeff=2.23e-07  F=9.79169e+03
it  735  keff=1.1887323  dkeff=2.11e-07  F=9.79170e+03
it  740  keff=1.1887335  dkeff=2.00e-07  F=9.79171e+03
it  745  keff=1.1887347  dkeff=1.89e-07  F=9.79172e+03
it  750  keff=1.1887358  dkeff=1.79e-07  F=9.79173e+03
it  755  keff=1.1887368  dkeff=1.70e-07  F=9.79174e+03
it  760  keff=1.1887378  dkeff=1.61e-07  F=9.79175e+03
it  765  keff=1.1887387  dkeff=1.52e-07  F=9.79175e+03
it  770  keff=1.1887396  dkeff=1.44e-07  F=9.79176e+03
it  775  keff=1.1887404  dkeff=1.37e-07  F=9.79177e+03
it  780  keff=1.1887412  dkeff=1.29e-07  F=9.79177e+03
it  785  keff=1.1887419  dkeff=1.22e-07  F=9.79178e+03
it  790  keff=1.1887426  dkeff=1.16e-07  F=9.79179e+03
it  795  keff=1.1887433  dkeff=1.10e-07  F=9.79179e+03
it  800  keff=1.1887439  dkeff=1.04e-07  F=9.79180e+03
it  805  keff=1.1887445  dkeff=9.85e-08  F=9.79180e+03
it  810  keff=1.1887451  dkeff=9.33e-08  F=9.79181e+03
it  815  keff=1.1887456  dkeff=8.83e-08  F=9.79181e+03
it  820  keff=1.1887462  dkeff=8.37e-08  F=9.79181e+03
it  825  keff=1.1887466  dkeff=7.92e-08  F=9.79182e+03
it  830  keff=1.1887471  dkeff=7.50e-08  F=9.79182e+03
it  835  keff=1.1887475  dkeff=7.11e-08  F=9.79183e+03
it  840  keff=1.1887479  dkeff=6.73e-08  F=9.79183e+03
it  845  keff=1.1887483  dkeff=6.37e-08  F=9.79183e+03
it  850  keff=1.1887487  dkeff=6.04e-08  F=9.79184e+03
it  855  keff=1.1887490  dkeff=5.72e-08  F=9.79184e+03
it  860  keff=1.1887494  dkeff=5.42e-08  F=9.79184e+03
it  865  keff=1.1887497  dkeff=5.13e-08  F=9.79184e+03
it  870  keff=1.1887500  dkeff=4.86e-08  F=9.79185e+03
it  875  keff=1.1887502  dkeff=4.60e-08  F=9.79185e+03
it  880  keff=1.1887505  dkeff=4.36e-08  F=9.79185e+03
it  885  keff=1.1887508  dkeff=4.13e-08  F=9.79185e+03
it  890  keff=1.1887510  dkeff=3.91e-08  F=9.79185e+03
it  895  keff=1.1887512  dkeff=3.70e-08  F=9.79186e+03
it  900  keff=1.1887514  dkeff=3.51e-08  F=9.79186e+03
it  905  keff=1.1887516  dkeff=3.32e-08  F=9.79186e+03
it  910  keff=1.1887518  dkeff=3.15e-08  F=9.79186e+03
it  915  keff=1.1887520  dkeff=2.98e-08  F=9.79186e+03
it  920  keff=1.1887522  dkeff=2.82e-08  F=9.79186e+03
it  925  keff=1.1887523  dkeff=2.67e-08  F=9.79187e+03
it  930  keff=1.1887525  dkeff=2.53e-08  F=9.79187e+03
it  935  keff=1.1887526  dkeff=2.40e-08  F=9.79187e+03
it  940  keff=1.1887528  dkeff=2.27e-08  F=9.79187e+03
it  945  keff=1.1887529  dkeff=2.15e-08  F=9.79187e+03
it  950  keff=1.1887530  dkeff=2.04e-08  F=9.79187e+03
it  955  keff=1.1887532  dkeff=1.93e-08  F=9.79187e+03
it  960  keff=1.1887533  dkeff=1.83e-08  F=9.79187e+03
it  965  keff=1.1887534  dkeff=1.73e-08  F=9.79187e+03
it  970  keff=1.1887535  dkeff=1.64e-08  F=9.79187e+03
it  975  keff=1.1887536  dkeff=1.56e-08  F=9.79188e+03
it  980  keff=1.1887537  dkeff=1.47e-08  F=9.79188e+03
it  985  keff=1.1887537  dkeff=1.40e-08  F=9.79188e+03
it  990  keff=1.1887538  dkeff=1.32e-08  F=9.79188e+03
it  995  keff=1.1887539  dkeff=1.25e-08  F=9.79188e+03
it 1000  keff=1.1887540  dkeff=1.19e-08  F=9.79188e+03
it 1005  keff=1.1887540  dkeff=1.12e-08  F=9.79188e+03
it 1010  keff=1.1887541  dkeff=1.06e-08  F=9.79188e+03
it 1015  keff=1.1887542  dkeff=1.01e-08  F=9.79188e+03
it 1020  keff=1.1887542  dkeff=9.55e-09  F=9.79188e+03
it 1025  keff=1.1887543  dkeff=9.05e-09  F=9.79188e+03
it 1030  keff=1.1887543  dkeff=8.57e-09  F=9.79188e+03
it 1035  keff=1.1887544  dkeff=8.12e-09  F=9.79188e+03
it 1040  keff=1.1887544  dkeff=7.69e-09  F=9.79188e+03
it 1045  keff=1.1887545  dkeff=7.28e-09  F=9.79188e+03
it 1050  keff=1.1887545  dkeff=6.90e-09  F=9.79188e+03
it 1055  keff=1.1887545  dkeff=6.54e-09  F=9.79188e+03
it 1060  keff=1.1887546  dkeff=6.19e-09  F=9.79188e+03
it 1065  keff=1.1887546  dkeff=5.87e-09  F=9.79188e+03
it 1070  keff=1.1887547  dkeff=5.56e-09  F=9.79188e+03
it 1075  keff=1.1887547  dkeff=5.26e-09  F=9.79188e+03
it 1080  keff=1.1887547  dkeff=4.99e-09  F=9.79189e+03
it 1085  keff=1.1887547  dkeff=4.72e-09  F=9.79189e+03
it 1090  keff=1.1887548  dkeff=4.48e-09  F=9.79189e+03
it 1095  keff=1.1887548  dkeff=4.24e-09  F=9.79189e+03
it 1100  keff=1.1887548  dkeff=4.02e-09  F=9.79189e+03
it 1105  keff=1.1887548  dkeff=3.80e-09  F=9.79189e+03
it 1110  keff=1.1887549  dkeff=3.60e-09  F=9.79189e+03
it 1115  keff=1.1887549  dkeff=3.41e-09  F=9.79189e+03
it 1120  keff=1.1887549  dkeff=3.23e-09  F=9.79189e+03
it 1125  keff=1.1887549  dkeff=3.06e-09  F=9.79189e+03
it 1130  keff=1.1887549  dkeff=2.90e-09  F=9.79189e+03
it 1135  keff=1.1887550  dkeff=2.75e-09  F=9.79189e+03
it 1140  keff=1.1887550  dkeff=2.60e-09  F=9.79189e+03
it 1145  keff=1.1887550  dkeff=2.47e-09  F=9.79189e+03
it 1150  keff=1.1887550  dkeff=2.34e-09  F=9.79189e+03
it 1155  keff=1.1887550  dkeff=2.21e-09  F=9.79189e+03
it 1160  keff=1.1887550  dkeff=2.10e-09  F=9.79189e+03
it 1165  keff=1.1887550  dkeff=1.99e-09  F=9.79189e+03
it 1170  keff=1.1887551  dkeff=1.88e-09  F=9.79189e+03
it 1175  keff=1.1887551  dkeff=1.78e-09  F=9.79189e+03
it 1180  keff=1.1887551  dkeff=1.69e-09  F=9.79189e+03
it 1185  keff=1.1887551  dkeff=1.60e-09  F=9.79189e+03
it 1190  keff=1.1887551  dkeff=1.52e-09  F=9.79189e+03
it 1195  keff=1.1887551  dkeff=1.44e-09  F=9.79189e+03
it 1200  keff=1.1887551  dkeff=1.36e-09  F=9.79189e+03
it 1205  keff=1.1887551  dkeff=1.29e-09  F=9.79189e+03
it 1210  keff=1.1887551  dkeff=1.22e-09  F=9.79189e+03
it 1215  keff=1.1887551  dkeff=1.16e-09  F=9.79189e+03
it 1220  keff=1.1887551  dkeff=1.10e-09  F=9.79189e+03
it 1225  keff=1.1887551  dkeff=1.04e-09  F=9.79189e+03
it 1230  keff=1.1887552  dkeff=9.84e-10  F=9.79189e+03
it 1235  keff=1.1887552  dkeff=9.32e-10  F=9.79189e+03
it 1240  keff=1.1887552  dkeff=8.83e-10  F=9.79189e+03
it 1245  keff=1.1887552  dkeff=8.37e-10  F=9.79189e+03
it 1250  keff=1.1887552  dkeff=7.92e-10  F=9.79189e+03
it 1255  keff=1.1887552  dkeff=7.51e-10  F=9.79189e+03
it 1260  keff=1.1887552  dkeff=7.11e-10  F=9.79189e+03
it 1265  keff=1.1887552  dkeff=6.74e-10  F=9.79189e+03
it 1270  keff=1.1887552  dkeff=6.38e-10  F=9.79189e+03
it 1275  keff=1.1887552  dkeff=6.05e-10  F=9.79189e+03
it 1280  keff=1.1887552  dkeff=5.73e-10  F=9.79189e+03
it 1285  keff=1.1887552  dkeff=5.43e-10  F=9.79189e+03
it 1290  keff=1.1887552  dkeff=5.14e-10  F=9.79189e+03
it 1295  keff=1.1887552  dkeff=4.87e-10  F=9.79189e+03
it 1300  keff=1.1887552  dkeff=4.61e-10  F=9.79189e+03
it 1305  keff=1.1887552  dkeff=4.37e-10  F=9.79189e+03
it 1310  keff=1.1887552  dkeff=4.14e-10  F=9.79189e+03
it 1315  keff=1.1887552  dkeff=3.92e-10  F=9.79189e+03
it 1320  keff=1.1887552  dkeff=3.72e-10  F=9.79189e+03
it 1325  keff=1.1887552  dkeff=3.52e-10  F=9.79189e+03
it 1330  keff=1.1887552  dkeff=3.34e-10  F=9.79189e+03
it 1335  keff=1.1887552  dkeff=3.16e-10  F=9.79189e+03
it 1340  keff=1.1887552  dkeff=2.99e-10  F=9.79189e+03
it 1345  keff=1.1887552  dkeff=2.84e-10  F=9.79189e+03
it 1350  keff=1.1887552  dkeff=2.69e-10  F=9.79189e+03
it 1355  keff=1.1887552  dkeff=2.55e-10  F=9.79189e+03
it 1360  keff=1.1887552  dkeff=2.41e-10  F=9.79189e+03
it 1365  keff=1.1887552  dkeff=2.29e-10  F=9.79189e+03
it 1370  keff=1.1887552  dkeff=2.16e-10  F=9.79189e+03
it 1375  keff=1.1887552  dkeff=2.05e-10  F=9.79189e+03
it 1380  keff=1.1887552  dkeff=1.94e-10  F=9.79189e+03
it 1385  keff=1.1887552  dkeff=1.84e-10  F=9.79189e+03
it 1390  keff=1.1887552  dkeff=1.74e-10  F=9.79189e+03
it 1395  keff=1.1887552  dkeff=1.65e-10  F=9.79189e+03
it 1400  keff=1.1887552  dkeff=1.57e-10  F=9.79189e+03
it 1405  keff=1.1887552  dkeff=1.48e-10  F=9.79189e+03
it 1410  keff=1.1887552  dkeff=1.40e-10  F=9.79189e+03
it 1415  keff=1.1887552  dkeff=1.33e-10  F=9.79189e+03
it 1420  keff=1.1887552  dkeff=1.26e-10  F=9.79189e+03
it 1425  keff=1.1887552  dkeff=1.19e-10  F=9.79189e+03
it 1430  keff=1.1887553  dkeff=1.13e-10  F=9.79189e+03
it 1435  keff=1.1887553  dkeff=1.07e-10  F=9.79189e+03
it 1440  keff=1.1887553  dkeff=1.02e-10  F=9.79189e+03
it 1442  keff=1.1887553  dkeff=9.94e-11  F=9.79189e+03

PROBE_DONE M=16 S=3 nodes=23409 keff=1.1887553 pcm=+229.5 wall=11154s peak_RSS=43.95GB
