it    0  keff=0.9145262  dkeff=9.35e-02  F=3.34802e+03
it    5  keff=0.5973053  dkeff=6.60e-02  F=2.18669e+03
it   10  keff=0.5734680  dkeff=2.29e-02  F=2.09943e+03
it   15  keff=0.6961976  dkeff=4.07e-02  F=2.54873e+03
it   20  keff=0.8330099  dkeff=3.06e-02  F=3.04959e+03
it   25  keff=0.9386502  dkeff=1.93e-02  F=3.43633e+03
it   30  keff=1.0088927  dkeff=1.15e-02  F=3.69349e+03
it   35  keff=1.0529198  dkeff=6.85e-03  F=3.85467e+03
it   40  keff=1.0805316  dkeff=4.24e-03  F=3.95575e+03
it   45  keff=1.0984959  dkeff=2.77e-03  F=4.02152e+03
it   50  keff=1.1108413  dkeff=1.93e-03  F=4.06671e+03
it   55  keff=1.1198515  dkeff=1.43e-03  F=4.09970e+03
it   60  keff=1.1268095  dkeff=1.13e-03  F=4.12517e+03
it   65  keff=1.1324421  dkeff=9.22e-04  F=4.14579e+03
it   70  keff=1.1371699  dkeff=7.80e-04  F=4.16310e+03
it   75  keff=1.1412447  dkeff=6.76e-04  F=4.17802e+03
it   80  keff=1.1448240  dkeff=5.96e-04  F=4.19112e+03
it   85  keff=1.1480113  dkeff=5.31e-04  F=4.20279e+03
it   90  keff=1.1508783  dkeff=4.78e-04  F=4.21329e+03
it   95  keff=1.1534768  dkeff=4.34e-04  F=4.22280e+03
it  100  keff=1.1558458  dkeff=3.95e-04  F=4.23147e+03
it  105  keff=1.1580157  dkeff=3.62e-04  F=4.23942e+03
it  110  keff=1.1600108  dkeff=3.33e-04  F=4.24672e+03
it  115  keff=1.1618511  dkeff=3.07e-04  F=4.25346e+03
it  120  keff=1.1635530  dkeff=2.84e-04  F=4.25969e+03
it  125  keff=1.1651306  dkeff=2.63e-04  F=4.26546e+03
it  130  keff=1.1665958  dkeff=2.44e-04  F=4.27083e+03
it  135  keff=1.1679588  dkeff=2.27e-04  F=4.27582e+03
it  140  keff=1.1692286  dkeff=2.11e-04  F=4.28047e+03
it  145  keff=1.1704131  dkeff=1.97e-04  F=4.28480e+03
it  150  keff=1.1715191  dkeff=1.84e-04  F=4.28885e+03
it  155  keff=1.1725528  dkeff=1.72e-04  F=4.29263e+03
it  160  keff=1.1735197  dkeff=1.60e-04  F=4.29617e+03
it  165  keff=1.1744249  dkeff=1.50e-04  F=4.29949e+03
it  170  keff=1.1752727  dkeff=1.41e-04  F=4.30259e+03
it  175  keff=1.1760672  dkeff=1.32e-04  F=4.30550e+03
it  180  keff=1.1768122  dkeff=1.23e-04  F=4.30823e+03
it  185  keff=1.1775110  dkeff=1.16e-04  F=4.31079e+03
it  190  keff=1.1781667  dkeff=1.09e-04  F=4.31319e+03
it  195  keff=1.1787823  dkeff=1.02e-04  F=4.31544e+03
it  200  keff=1.1793603  dkeff=9.56e-05  F=4.31756e+03
it  205  keff=1.1799032  dkeff=8.97e-05  F=4.31954e+03
it  210  keff=1.1804132  dkeff=8.43e-05  F=4.32141e+03
it  215  keff=1.1808925  dkeff=7.92e-05  F=4.32317e+03
it  220  keff=1.1813430  dkeff=7.44e-05  F=4.32482e+03
it  225  keff=1.1817666  dkeff=6.99e-05  F=4.32637e+03
it  230  keff=1.1821648  dkeff=6.57e-05  F=4.32782e+03
it  235  keff=1.1825394  dkeff=6.18e-05  F=4.32919e+03
it  240  keff=1.1828917  dkeff=5.81e-05  F=4.33048e+03
it  245  keff=1.1832231  dkeff=5.47e-05  F=4.33170e+03
it  250  keff=1.1835350  dkeff=5.14e-05  F=4.33284e+03
it  255  keff=1.1838285  dkeff=4.84e-05  F=4.33391e+03
it  260  keff=1.1841047  dkeff=4.55e-05  F=4.33493e+03
it  265  keff=1.1843647  dkeff=4.29e-05  F=4.33588e+03
it  270  keff=1.1846095  dkeff=4.03e-05  F=4.33677e+03
it  275  keff=1.1848401  dkeff=3.80e-05  F=4.33762e+03
it  280  keff=1.1850572  dkeff=3.58e-05  F=4.33841e+03
it  285  keff=1.1852616  dkeff=3.37e-05  F=4.33916e+03
it  290  keff=1.1854542  dkeff=3.17e-05  F=4.33987e+03
it  295  keff=1.1856357  dkeff=2.99e-05  F=4.34053e+03
it  300  keff=1.1858067  dkeff=2.82e-05  F=4.34116e+03
it  305  keff=1.1859678  dkeff=2.65e-05  F=4.34175e+03
it  310  keff=1.1861196  dkeff=2.50e-05  F=4.34230e+03
it  315  keff=1.1862627  dkeff=2.36e-05  F=4.34283e+03
it  320  keff=1.1863976  dkeff=2.22e-05  F=4.34332e+03
it  325  keff=1.1865248  dkeff=2.09e-05  F=4.34379e+03
it  330  keff=1.1866447  dkeff=1.97e-05  F=4.34422e+03
it  335  keff=1.1867578  dkeff=1.86e-05  F=4.34464e+03
it  340  keff=1.1868644  dkeff=1.76e-05  F=4.34503e+03
it  345  keff=1.1869650  dkeff=1.66e-05  F=4.34540e+03
it  350  keff=1.1870599  dkeff=1.56e-05  F=4.34574e+03
it  355  keff=1.1871494  dkeff=1.47e-05  F=4.34607e+03
it  360  keff=1.1872339  dkeff=1.39e-05  F=4.34638e+03
it  365  keff=1.1873135  dkeff=1.31e-05  F=4.34667e+03
it  370  keff=1.1873887  dkeff=1.24e-05  F=4.34695e+03
it  375  keff=1.1874597  dkeff=1.17e-05  F=4.34721e+03
it  380  keff=1.1875267  dkeff=1.10e-05  F=4.34745e+03
it  385  keff=1.1875899  dkeff=1.04e-05  F=4.34768e+03
it  390  keff=1.1876496  dkeff=9.82e-06  F=4.34790e+03
it  395  keff=1.1877059  dkeff=9.27e-06  F=4.34811e+03
it  400  keff=1.1877592  dkeff=8.75e-06  F=4.34830e+03
it  405  keff=1.1878094  dkeff=8.27e-06  F=4.34849e+03
it  410  keff=1.1878568  dkeff=7.81e-06  F=4.34866e+03
it  415  keff=1.1879016  dkeff=7.37e-06  F=4.34883e+03
it  420  keff=1.1879440  dkeff=6.96e-06  F=4.34898e+03
it  425  keff=1.1879839  dkeff=6.58e-06  F=4.34913e+03
it  430  keff=1.1880217  dkeff=6.21e-06  F=4.34927e+03
it  435  keff=1.1880574  dkeff=5.87e-06  F=4.34940e+03
it  440  keff=1.1880911  dkeff=5.55e-06  F=4.34952e+03
it  445  keff=1.1881229  dkeff=5.24e-06  F=4.34964e+03
it  450  keff=1.1881530  dkeff=4.95e-06  F=4.34975e+03
it  455  keff=1.1881815  dkeff=4.68e-06  F=4.34985e+03
it  460  keff=1.1882084  dkeff=4.42e-06  F=4.34995e+03
it  465  keff=1.1882338  dkeff=4.18e-06  F=4.35004e+03
it  470  keff=1.1882578  dkeff=3.95e-06  F=4.35013e+03
it  475  keff=1.1882805  dkeff=3.73e-06  F=4.35021e+03
it  480  keff=1.1883019  dkeff=3.53e-06  F=4.35029e+03
it  485  keff=1.1883222  dkeff=3.34e-06  F=4.35037e+03
it  490  keff=1.1883414  dkeff=3.15e-06  F=4.35044e+03
it  495  keff=1.1883595  dkeff=2.98e-06  F=4.35050e+03
it  500  keff=1.1883766  dkeff=2.82e-06  F=4.35056e+03
it  505  keff=1.1883928  dkeff=2.67e-06  F=4.35062e+03
it  510  keff=1.1884082  dkeff=2.52e-06  F=4.35068e+03
it  515  keff=1.1884227  dkeff=2.38e-06  F=4.35073e+03
it  520  keff=1.1884364  dkeff=2.26e-06  F=4.35078e+03
it  525  keff=1.1884493  dkeff=2.13e-06  F=4.35083e+03
it  530  keff=1.1884616  dkeff=2.02e-06  F=4.35088e+03
it  535  keff=1.1884732  dkeff=1.91e-06  F=4.35092e+03
it  540  keff=1.1884841  dkeff=1.80e-06  F=4.35096e+03
it  545  keff=1.1884945  dkeff=1.71e-06  F=4.35100e+03
it  550  keff=1.1885043  dkeff=1.62e-06  F=4.35103e+03
it  555  keff=1.1885136  dkeff=1.53e-06  F=4.35107e+03
it  560  keff=1.1885224  dkeff=1.45e-06  F=4.35110e+03
it  565  keff=1.1885307  dkeff=1.37e-06  F=4.35113e+03
it  570  keff=1.1885386  dkeff=1.29e-06  F=4.35116e+03
it  575  keff=1.1885460  dkeff=1.22e-06  F=4.35118e+03
it  580  keff=1.1885531  dkeff=1.16e-06  F=4.35121e+03
it  585  keff=1.1885597  dkeff=1.10e-06  F=4.35124e+03
it  590  keff=1.1885660  dkeff=1.04e-06  F=4.35126e+03
it  595  keff=1.1885720  dkeff=9.81e-07  F=4.35128e+03
it  600  keff=1.1885776  dkeff=9.29e-07  F=4.35130e+03
it  605  keff=1.1885830  dkeff=8.79e-07  F=4.35132e+03
it  610  keff=1.1885880  dkeff=8.32e-07  F=4.35134e+03
it  615  keff=1.1885928  dkeff=7.87e-07  F=4.35136e+03
it  620  keff=1.1885973  dkeff=7.45e-07  F=4.35137e+03
it  625  keff=1.1886016  dkeff=7.05e-07  F=4.35139e+03
it  630  keff=1.1886057  dkeff=6.67e-07  F=4.35140e+03
it  635  keff=1.1886095  dkeff=6.32e-07  F=4.35142e+03
it  640  keff=1.1886131  dkeff=5.98e-07  F=4.35143e+03
it  645  keff=1.1886166  dkeff=5.66e-07  F=4.35144e+03
it  650  keff=1.1886198  dkeff=5.36e-07  F=4.35146e+03
it  655  keff=1.1886229  dkeff=5.07e-07  F=4.35147e+03
it  660  keff=1.1886258  dkeff=4.80e-07  F=4.35148e+03
it  665  keff=1.1886286  dkeff=4.54e-07  F=4.35149e+03
it  670  keff=1.1886312  dkeff=4.30e-07  F=4.35150e+03
it  675  keff=1.1886337  dkeff=4.07e-07  F=4.35151e+03
it  680  keff=1.1886360  dkeff=3.85e-07  F=4.35151e+03
it  685  keff=1.1886382  dkeff=3.65e-07  F=4.35152e+03
it  690  keff=1.1886403  dkeff=3.46e-07  F=4.35153e+03
it  695  keff=1.1886423  dkeff=3.27e-07  F=4.35154e+03
it  700  keff=1.1886442  dkeff=3.10e-07  F=4.35154e+03
it  705  keff=1.1886460  dkeff=2.93e-07  F=4.35155e+03
it  710  keff=1.1886477  dkeff=2.78e-07  F=4.35156e+03
it  715  keff=1.1886493  dkeff=2.63e-07  F=4.35156e+03
it  720  keff=1.1886508  dkeff=2.49e-07  F=4.35157e+03
it  725  keff=1.1886522  dkeff=2.36e-07  F=4.35157e+03
it  730  keff=1.1886536  dkeff=2.23e-07  F=4.35158e+03
it  735  keff=1.1886548  dkeff=2.11e-07  F=4.35158e+03
it  740  keff=1.1886561  dkeff=2.00e-07  F=4.35159e+03
it  745  keff=1.1886572  dkeff=1.89e-07  F=4.35159e+03
it  750  keff=1.1886583  dkeff=1.79e-07  F=4.35160e+03
it  755  keff=1.1886593  dkeff=1.70e-07  F=4.35160e+03
it  760  keff=1.1886603  dkeff=1.61e-07  F=4.35160e+03
it  765  keff=1.1886612  dkeff=1.52e-07  F=4.35161e+03
it  770  keff=1.1886621  dkeff=1.44e-07  F=4.35161e+03
it  775  keff=1.1886629  dkeff=1.37e-07  F=4.35161e+03
it  780  keff=1.1886637  dkeff=1.29e-07  F=4.35162e+03
it  785  keff=1.1886645  dkeff=1.22e-07  F=4.35162e+03
it  790  keff=1.1886652  dkeff=1.16e-07  F=4.35162e+03
it  795  keff=1.1886658  dkeff=1.10e-07  F=4.35162e+03
it  800  keff=1.1886665  dkeff=1.04e-07  F=4.35163e+03
it  805  keff=1.1886671  dkeff=9.85e-08  F=4.35163e+03
it  810  keff=1.1886676  dkeff=9.33e-08  F=4.35163e+03
it  815  keff=1.1886682  dkeff=8.84e-08  F=4.35163e+03
it  820  keff=1.1886687  dkeff=8.37e-08  F=4.35163e+03
it  825  keff=1.1886692  dkeff=7.93e-08  F=4.35164e+03
it  830  keff=1.1886696  dkeff=7.51e-08  F=4.35164e+03
it  835  keff=1.1886701  dkeff=7.11e-08  F=4.35164e+03
it  840  keff=1.1886705  dkeff=6.73e-08  F=4.35164e+03
it  845  keff=1.1886708  dkeff=6.38e-08  F=4.35164e+03
it  850  keff=1.1886712  dkeff=6.04e-08  F=4.35164e+03
it  855  keff=1.1886716  dkeff=5.72e-08  F=4.35164e+03
it  860  keff=1.1886719  dkeff=5.42e-08  F=4.35165e+03
it  865  keff=1.1886722  dkeff=5.13e-08  F=4.35165e+03
it  870  keff=1.1886725  dkeff=4.86e-08  F=4.35165e+03
it  875  keff=1.1886728  dkeff=4.60e-08  F=4.35165e+03
it  880  keff=1.1886730  dkeff=4.36e-08  F=4.35165e+03
it  885  keff=1.1886733  dkeff=4.13e-08  F=4.35165e+03
it  890  keff=1.1886735  dkeff=3.91e-08  F=4.35165e+03
it  895  keff=1.1886738  dkeff=3.71e-08  F=4.35165e+03
it  900  keff=1.1886740  dkeff=3.51e-08  F=4.35165e+03
it  905  keff=1.1886742  dkeff=3.32e-08  F=4.35165e+03
it  910  keff=1.1886744  dkeff=3.15e-08  F=4.35165e+03
it  915  keff=1.1886745  dkeff=2.98e-08  F=4.35166e+03
it  920  keff=1.1886747  dkeff=2.82e-08  F=4.35166e+03
it  925  keff=1.1886749  dkeff=2.68e-08  F=4.35166e+03
it  930  keff=1.1886750  dkeff=2.53e-08  F=4.35166e+03
it  935  keff=1.1886752  dkeff=2.40e-08  F=4.35166e+03
it  940  keff=1.1886753  dkeff=2.27e-08  F=4.35166e+03
it  945  keff=1.1886754  dkeff=2.15e-08  F=4.35166e+03
it  950  keff=1.1886756  dkeff=2.04e-08  F=4.35166e+03
it  955  keff=1.1886757  dkeff=1.93e-08  F=4.35166e+03
it  960  keff=1.1886758  dkeff=1.83e-08  F=4.35166e+03
it  965  keff=1.1886759  dkeff=1.73e-08  F=4.35166e+03
it  970  keff=1.1886760  dkeff=1.64e-08  F=4.35166e+03
it  975  keff=1.1886761  dkeff=1.56e-08  F=4.35166e+03
it  980  keff=1.1886762  dkeff=1.47e-08  F=4.35166e+03
it  985  keff=1.1886763  dkeff=1.40e-08  F=4.35166e+03
it  990  keff=1.1886764  dkeff=1.32e-08  F=4.35166e+03
it  995  keff=1.1886764  dkeff=1.25e-08  F=4.35166e+03
it 1000  keff=1.1886765  dkeff=1.19e-08  F=4.35166e+03
it 1005  keff=1.1886766  dkeff=1.12e-08  F=4.35166e+03
it 1010  keff=1.1886766  dkeff=1.06e-08  F=4.35166e+03
it 1015  keff=1.1886767  dkeff=1.01e-08  F=4.35166e+03
it 1020  keff=1.1886768  dkeff=9.55e-09  F=4.35166e+03
it 1025  keff=1.1886768  dkeff=9.05e-09  F=4.35166e+03
it 1030  keff=1.1886769  dkeff=8.57e-09  F=4.35166e+03
it 1035  keff=1.1886769  dkeff=8.12e-09  F=4.35166e+03
it 1040  keff=1.1886770  dkeff=7.69e-09  F=4.35166e+03
it 1045  keff=1.1886770  dkeff=7.29e-09  F=4.35166e+03
it 1050  keff=1.1886770  dkeff=6.90e-09  F=4.35166e+03
it 1055  keff=1.1886771  dkeff=6.54e-09  F=4.35166e+03
it 1060  keff=1.1886771  dkeff=6.20e-09  F=4.35166e+03
it 1065  keff=1.1886772  dkeff=5.87e-09  F=4.35166e+03
it 1070  keff=1.1886772  dkeff=5.56e-09  F=4.35167e+03
it 1075  keff=1.1886772  dkeff=5.27e-09  F=4.35167e+03
it 1080  keff=1.1886773  dkeff=4.99e-09  F=4.35167e+03
it 1085  keff=1.1886773  dkeff=4.73e-09  F=4.35167e+03
it 1090  keff=1.1886773  dkeff=4.48e-09  F=4.35167e+03
it 1095  keff=1.1886773  dkeff=4.24e-09  F=4.35167e+03
it 1100  keff=1.1886774  dkeff=4.02e-09  F=4.35167e+03
it 1105  keff=1.1886774  dkeff=3.81e-09  F=4.35167e+03
it 1110  keff=1.1886774  dkeff=3.61e-09  F=4.35167e+03
it 1115  keff=1.1886774  dkeff=3.42e-09  F=4.35167e+03
it 1120  keff=1.1886774  dkeff=3.24e-09  F=4.35167e+03
it 1125  keff=1.1886775  dkeff=3.07e-09  F=4.35167e+03
it 1130  keff=1.1886775  dkeff=2.90e-09  F=4.35167e+03
it 1135  keff=1.1886775  dkeff=2.75e-09  F=4.35167e+03
it 1140  keff=1.1886775  dkeff=2.61e-09  F=4.35167e+03
it 1145  keff=1.1886775  dkeff=2.47e-09  F=4.35167e+03
it 1150  keff=1.1886775  dkeff=2.34e-09  F=4.35167e+03
it 1155  keff=1.1886776  dkeff=2.22e-09  F=4.35167e+03
it 1160  keff=1.1886776  dkeff=2.10e-09  F=4.35167e+03
it 1165  keff=1.1886776  dkeff=1.99e-09  F=4.35167e+03
it 1170  keff=1.1886776  dkeff=1.88e-09  F=4.35167e+03
it 1175  keff=1.1886776  dkeff=1.78e-09  F=4.35167e+03
it 1180  keff=1.1886776  dkeff=1.69e-09  F=4.35167e+03
it 1185  keff=1.1886776  dkeff=1.60e-09  F=4.35167e+03
it 1190  keff=1.1886776  dkeff=1.52e-09  F=4.35167e+03
it 1195  keff=1.1886776  dkeff=1.44e-09  F=4.35167e+03
it 1200  keff=1.1886776  dkeff=1.36e-09  F=4.35167e+03
it 1205  keff=1.1886777  dkeff=1.29e-09  F=4.35167e+03
it 1210  keff=1.1886777  dkeff=1.22e-09  F=4.35167e+03
it 1215  keff=1.1886777  dkeff=1.16e-09  F=4.35167e+03
it 1220  keff=1.1886777  dkeff=1.10e-09  F=4.35167e+03
it 1225  keff=1.1886777  dkeff=1.04e-09  F=4.35167e+03
it 1230  keff=1.1886777  dkeff=9.84e-10  F=4.35167e+03
it 1235  keff=1.1886777  dkeff=9.32e-10  F=4.35167e+03
it 1240  keff=1.1886777  dkeff=8.83e-10  F=4.35167e+03
it 1245  keff=1.1886777  dkeff=8.37e-10  F=4.35167e+03
it 1250  keff=1.1886777  dkeff=7.93e-10  F=4.35167e+03
it 1255  keff=1.1886777  dkeff=7.51e-10  F=4.35167e+03
it 1260  keff=1.1886777  dkeff=7.12e-10  F=4.35167e+03
it 1265  keff=1.1886777  dkeff=6.74e-10  F=4.35167e+03
it 1270  keff=1.1886777  dkeff=6.39e-10  F=4.35167e+03
it 1275  keff=1.1886777  dkeff=6.05e-10  F=4.35167e+03
it 1280  keff=1.1886777  dkeff=5.73e-10  F=4.35167e+03
it 1285  keff=1.1886777  dkeff=5.43e-10  F=4.35167e+03
it 1290  keff=1.1886777  dkeff=5.14e-10  F=4.35167e+03
it 1295  keff=1.1886777  dkeff=4.87e-10  F=4.35167e+03
it 1300  keff=1.1886777  dkeff=4.62e-10  F=4.35167e+03
it 1305  keff=1.1886778  dkeff=4.37e-10  F=4.35167e+03
it 1310  keff=1.1886778  dkeff=4.14e-10  F=4.35167e+03
it 1315  keff=1.1886778  dkeff=3.93e-10  F=4.35167e+03
it 1320  keff=1.1886778  dkeff=3.72e-10  F=4.35167e+03
it 1325  keff=1.1886778  dkeff=3.52e-10  F=4.35167e+03
it 1330  keff=1.1886778  dkeff=3.34e-10  F=4.35167e+03
it 1335  keff=1.1886778  dkeff=3.16e-10  F=4.35167e+03
it 1340  keff=1.1886778  dkeff=3.00e-10  F=4.35167e+03
it 1345  keff=1.1886778  dkeff=2.84e-10  F=4.35167e+03
it 1350  keff=1.1886778  dkeff=2.69e-10  F=4.35167e+03
it 1355  keff=1.1886778  dkeff=2.55e-10  F=4.35167e+03
it 1360  keff=1.1886778  dkeff=2.41e-10  F=4.35167e+03
it 1365  keff=1.1886778  dkeff=2.29e-10  F=4.35167e+03
it 1370  keff=1.1886778  dkeff=2.17e-10  F=4.35167e+03
it 1375  keff=1.1886778  dkeff=2.05e-10  F=4.35167e+03
it 1380  keff=1.1886778  dkeff=1.94e-10  F=4.35167e+03
it 1385  keff=1.1886778  dkeff=1.84e-10  F=4.35167e+03
it 1390  keff=1.1886778  dkeff=1.74e-10  F=4.35167e+03
it 1395  keff=1.1886778  dkeff=1.65e-10  F=4.35167e+03
it 1400  keff=1.1886778  dkeff=1.57e-10  F=4.35167e+03
it 1405  keff=1.1886778  dkeff=1.48e-10  F=4.35167e+03
it 1410  keff=1.1886778  dkeff=1.41e-10  F=4.35167e+03
it 1415  keff=1.1886778  dkeff=1.33e-10  F=4.35167e+03
it 1420  keff=1.1886778  dkeff=1.26e-10  F=4.35167e+03
it 1425  keff=1.1886778  dkeff=1.19e-10  F=4.35167e+03
it 1430  keff=1.1886778  dkeff=1.13e-10  F=4.35167e+03
it 1435  keff=1.1886778  dkeff=1.07e-10  F=4.35167e+03
it 1440  keff=1.1886778  dkeff=1.02e-10  F=4.35167e+03
it 1442  keff=1.1886778  dkeff=9.94e-11  F=4.35167e+03

PROBE_DONE M=16 S=2 nodes=10404 keff=1.1886778 pcm=+221.8 wall=4288s peak_RSS=16.46GB
